Component: Arm Compiler for Embedded 6.19 Tool: armlink [5e73cb00]

==============================================================================

Section Cross References

    startup_stm32f407xx.o(STACK) refers (Special) to heapauxi.o(.text) for __use_two_region_memory
    startup_stm32f407xx.o(HEAP) refers (Special) to heapauxi.o(.text) for __use_two_region_memory
    startup_stm32f407xx.o(RESET) refers (Special) to heapauxi.o(.text) for __use_two_region_memory
    startup_stm32f407xx.o(RESET) refers to startup_stm32f407xx.o(STACK) for __initial_sp
    startup_stm32f407xx.o(RESET) refers to startup_stm32f407xx.o(.text) for Reset_Handler
    startup_stm32f407xx.o(RESET) refers to stm32f4xx_it.o(.text.NMI_Handler) for NMI_Handler
    startup_stm32f407xx.o(RESET) refers to stm32f4xx_it.o(.text.HardFault_Handler) for HardFault_Handler
    startup_stm32f407xx.o(RESET) refers to stm32f4xx_it.o(.text.MemManage_Handler) for MemManage_Handler
    startup_stm32f407xx.o(RESET) refers to stm32f4xx_it.o(.text.BusFault_Handler) for BusFault_Handler
    startup_stm32f407xx.o(RESET) refers to stm32f4xx_it.o(.text.UsageFault_Handler) for UsageFault_Handler
    startup_stm32f407xx.o(RESET) refers to stm32f4xx_it.o(.text.SVC_Handler) for SVC_Handler
    startup_stm32f407xx.o(RESET) refers to stm32f4xx_it.o(.text.DebugMon_Handler) for DebugMon_Handler
    startup_stm32f407xx.o(RESET) refers to stm32f4xx_it.o(.text.PendSV_Handler) for PendSV_Handler
    startup_stm32f407xx.o(RESET) refers to stm32f4xx_it.o(.text.SysTick_Handler) for SysTick_Handler
    startup_stm32f407xx.o(RESET) refers to stm32f4xx_it.o(.text.DMA1_Stream1_IRQHandler) for DMA1_Stream1_IRQHandler
    startup_stm32f407xx.o(RESET) refers to stm32f4xx_it.o(.text.CAN1_TX_IRQHandler) for CAN1_TX_IRQHandler
    startup_stm32f407xx.o(RESET) refers to stm32f4xx_it.o(.text.CAN1_RX0_IRQHandler) for CAN1_RX0_IRQHandler
    startup_stm32f407xx.o(RESET) refers to stm32f4xx_it.o(.text.CAN1_RX1_IRQHandler) for CAN1_RX1_IRQHandler
    startup_stm32f407xx.o(RESET) refers to stm32f4xx_it.o(.text.CAN1_SCE_IRQHandler) for CAN1_SCE_IRQHandler
    startup_stm32f407xx.o(RESET) refers to stm32f4xx_it.o(.text.USART3_IRQHandler) for USART3_IRQHandler
    startup_stm32f407xx.o(RESET) refers to stm32f4xx_it.o(.text.TIM6_DAC_IRQHandler) for TIM6_DAC_IRQHandler
    startup_stm32f407xx.o(.text) refers (Special) to heapauxi.o(.text) for __use_two_region_memory
    startup_stm32f407xx.o(.text) refers to system_stm32f4xx.o(.text.SystemInit) for SystemInit
    startup_stm32f407xx.o(.text) refers to __main.o(!!!main) for __main
    startup_stm32f407xx.o(.text) refers to startup_stm32f407xx.o(HEAP) for Heap_Mem
    startup_stm32f407xx.o(.text) refers to startup_stm32f407xx.o(STACK) for Stack_Mem
    imu_module_new.o(.text.__cxx_global_var_init) refers to imu_module_new.o(.bss._ZL3imu) for imu
    imu_module_new.o(.text.__cxx_global_var_init) refers to imu_module_new.o(.text._ZN10IMU_ModuleC2Ev) for IMU_Module::IMU_Module()
    imu_module_new.o(.ARM.exidx.text.__cxx_global_var_init) refers to imu_module_new.o(.text.__cxx_global_var_init) for [Anonymous Symbol]
    imu_module_new.o(.ARM.exidx.text._ZN10IMU_ModuleC2Ev) refers to imu_module_new.o(.text._ZN10IMU_ModuleC2Ev) for [Anonymous Symbol]
    imu_module_new.o(.text._ZN10IMU_Module4initEv) refers to bmi088.o(.text.bmi088_init) for bmi088_init
    imu_module_new.o(.ARM.exidx.text._ZN10IMU_Module4initEv) refers to imu_module_new.o(.text._ZN10IMU_Module4initEv) for [Anonymous Symbol]
    imu_module_new.o(.text._ZN10IMU_Module10read_accelEv) refers to bmi088.o(.text.bmi088_accel_read_reg) for bmi088_accel_read_reg
    imu_module_new.o(.ARM.exidx.text._ZN10IMU_Module10read_accelEv) refers to imu_module_new.o(.text._ZN10IMU_Module10read_accelEv) for [Anonymous Symbol]
    imu_module_new.o(.text._ZN10IMU_Module9read_gyroEv) refers to bmi088.o(.text.bmi088_gyro_read_reg) for bmi088_gyro_read_reg
    imu_module_new.o(.ARM.exidx.text._ZN10IMU_Module9read_gyroEv) refers to imu_module_new.o(.text._ZN10IMU_Module9read_gyroEv) for [Anonymous Symbol]
    imu_module_new.o(.text._ZN10IMU_Module20complementary_filterEv) refers to atan2f.o(i.__hardfp_atan2f) for __hardfp_atan2f
    imu_module_new.o(.text._ZN10IMU_Module20complementary_filterEv) refers to sqrtf.o(i.__hardfp_sqrtf) for __hardfp_sqrtf
    imu_module_new.o(.ARM.exidx.text._ZN10IMU_Module20complementary_filterEv) refers to imu_module_new.o(.text._ZN10IMU_Module20complementary_filterEv) for [Anonymous Symbol]
    imu_module_new.o(.text._ZN10IMU_Module6updateEv) refers to imu_module_new.o(.text._ZN10IMU_Module10read_accelEv) for IMU_Module::read_accel()
    imu_module_new.o(.text._ZN10IMU_Module6updateEv) refers to imu_module_new.o(.text._ZN10IMU_Module9read_gyroEv) for IMU_Module::read_gyro()
[...]
    SPI_EndRxTransaction                     0x080044f5   Thumb Code   228  stm32f4xx_hal_spi.o(.text.SPI_EndRxTransaction)
    [Anonymous Symbol]                       0x080044f4   Section        0  stm32f4xx_hal_spi.o(.text.SPI_EndRxTransaction)
    SPI_EndRxTxTransaction                   0x080045d9   Thumb Code   204  stm32f4xx_hal_spi.o(.text.SPI_EndRxTxTransaction)
    [Anonymous Symbol]                       0x080045d8   Section        0  stm32f4xx_hal_spi.o(.text.SPI_EndRxTxTransaction)
    SPI_WaitFlagStateUntilTimeout            0x080046a5   Thumb Code   300  stm32f4xx_hal_spi.o(.text.SPI_WaitFlagStateUntilTimeout)
    [Anonymous Symbol]                       0x080046a4   Section        0  stm32f4xx_hal_spi.o(.text.SPI_WaitFlagStateUntilTimeout)
    [Anonymous Symbol]                       0x080047d0   Section        0  stm32f4xx_it.o(.text.SVC_Handler)
    SysTick_Config                           0x080047d5   Thumb Code    82  stm32f4xx_hal_cortex.o(.text.SysTick_Config)
    [Anonymous Symbol]                       0x080047d4   Section        0  stm32f4xx_hal_cortex.o(.text.SysTick_Config)
    [Anonymous Symbol]                       0x08004828   Section        0  stm32f4xx_it.o(.text.SysTick_Handler)
    [Anonymous Symbol]                       0x08004830   Section        0  main_1.o(.text.SystemClock_Config)
    [Anonymous Symbol]                       0x080048ec   Section        0  system_stm32f4xx.o(.text.SystemInit)
    [Anonymous Symbol]                       0x08004900   Section        0  stm32f4xx_it.o(.text.TIM6_DAC_IRQHandler)
    [Anonymous Symbol]                       0x08004910   Section        0  stm32f4xx_hal_tim.o(.text.TIM_Base_SetConfig)
    UART_DMAAbortOnError                     0x08004ab5   Thumb Code    28  stm32f4xx_hal_uart.o(.text.UART_DMAAbortOnError)
    [Anonymous Symbol]                       0x08004ab4   Section        0  stm32f4xx_hal_uart.o(.text.UART_DMAAbortOnError)
    UART_DMAError                            0x08004ad1   Thumb Code   124  stm32f4xx_hal_uart.o(.text.UART_DMAError)
    [Anonymous Symbol]                       0x08004ad0   Section        0  stm32f4xx_hal_uart.o(.text.UART_DMAError)
    UART_DMAReceiveCplt                      0x08004b4d   Thumb Code   244  stm32f4xx_hal_uart.o(.text.UART_DMAReceiveCplt)
    [Anonymous Symbol]                       0x08004b4c   Section        0  stm32f4xx_hal_uart.o(.text.UART_DMAReceiveCplt)
    UART_DMARxHalfCplt                       0x08004c41   Thumb Code    52  stm32f4xx_hal_uart.o(.text.UART_DMARxHalfCplt)
    [Anonymous Symbol]                       0x08004c40   Section        0  stm32f4xx_hal_uart.o(.text.UART_DMARxHalfCplt)
    UART_EndRxTransfer                       0x08004c75   Thumb Code   148  stm32f4xx_hal_uart.o(.text.UART_EndRxTransfer)
    [Anonymous Symbol]                       0x08004c74   Section        0  stm32f4xx_hal_uart.o(.text.UART_EndRxTransfer)
    UART_EndTransmit_IT                      0x08004d09   Thumb Code    38  stm32f4xx_hal_uart.o(.text.UART_EndTransmit_IT)
    [Anonymous Symbol]                       0x08004d08   Section        0  stm32f4xx_hal_uart.o(.text.UART_EndTransmit_IT)
    UART_EndTxTransfer                       0x08004d31   Thumb Code    54  stm32f4xx_hal_uart.o(.text.UART_EndTxTransfer)
    [Anonymous Symbol]                       0x08004d30   Section        0  stm32f4xx_hal_uart.o(.text.UART_EndTxTransfer)
    UART_Receive_IT                          0x08004d69   Thumb Code   360  stm32f4xx_hal_uart.o(.text.UART_Receive_IT)
    [Anonymous Symbol]                       0x08004d68   Section        0  stm32f4xx_hal_uart.o(.text.UART_Receive_IT)
    UART_SetConfig                           0x08004ed1   Thumb Code   314  stm32f4xx_hal_uart.o(.text.UART_SetConfig)
    [Anonymous Symbol]                       0x08004ed0   Section        0  stm32f4xx_hal_uart.o(.text.UART_SetConfig)
    [Anonymous Symbol]                       0x0800500c   Section        0  stm32f4xx_hal_uart.o(.text.UART_Start_Receive_DMA)
    UART_Transmit_IT                         0x0800513d   Thumb Code   148  stm32f4xx_hal_uart.o(.text.UART_Transmit_IT)
    [Anonymous Symbol]                       0x0800513c   Section        0  stm32f4xx_hal_uart.o(.text.UART_Transmit_IT)
    [Anonymous Symbol]                       0x080051d0   Section        0  stm32f4xx_it.o(.text.USART3_IRQHandler)
    [Anonymous Symbol]                       0x080051e0   Section        0  stm32f4xx_it.o(.text.UsageFault_Handler)
    _GLOBAL__sub_I_callback.cpp              0x080051e5   Thumb Code     8  callback.o(.text._GLOBAL__sub_I_callback.cpp)
    [Anonymous Symbol]                       0x080051e4   Section        0  callback.o(.text._GLOBAL__sub_I_callback.cpp)
    _GLOBAL__sub_I_imu_module_new.cpp        0x080051ed   Thumb Code     8  imu_module_new.o(.text._GLOBAL__sub_I_imu_module_new.cpp)
    [Anonymous Symbol]                       0x080051ec   Section        0  imu_module_new.o(.text._GLOBAL__sub_I_imu_module_new.cpp)
    [Anonymous Symbol]                       0x080051f4   Section        0  m3508_motor.o(.text._Z13linearMappingiiiff)
    [Anonymous Symbol]                       0x08005244   Section        0  bmi088.o(.text._Z16BMI088_GYRO_NS_Hv)
    [Anonymous Symbol]                       0x08005258   Section        0  bmi088.o(.text._Z16BMI088_GYRO_NS_Lv)
    [Anonymous Symbol]                       0x0800526c   Section        0  bmi088.o(.text._Z16bmi088_read_bytePh)
    [Anonymous Symbol]                       0x080052a0   Section        0  bmi088.o(.text._Z16bmi088_write_reghh)
    [Anonymous Symbol]                       0x080052d8   Section        0  bmi088.o(.text._Z17BMI088_ACCEL_NS_Hv)
    [Anonymous Symbol]                       0x080052ec   Section        0  bmi088.o(.text._Z17BMI088_ACCEL_NS_Lv)
    [Anonymous Symbol]                       0x08005300   Section        0  bmi088.o(.text._Z17bmi088_write_byteh)
    [Anonymous Symbol]                       0x08005338   Section        0  imu_module_new.o(.text._ZN10IMU_Module10read_accelEv)
    [Anonymous Symbol]                       0x080053fc   Section        0  imu_module_new.o(.text._ZN10IMU_Module20complementary_filterEv)
    [Anonymous Symbol]                       0x08005510   Section        0  imu_module_new.o(.text._ZN10IMU_Module4initEv)
    [Anonymous Symbol]                       0x08005520   Section        0  imu_module_new.o(.text._ZN10IMU_Module6updateEv)
    [Anonymous Symbol]                       0x08005540   Section        0  imu_module_new.o(.text._ZN10IMU_Module9read_gyroEv)
    [Anonymous Symbol]                       0x08005604   Section        0  imu_module_new.o(.text._ZN10IMU_ModuleC2Ev)
    [Anonymous Symbol]                       0x08005638   Section        0  m3508_motor.o(.text._ZN11m3508_motor16canRxMsgCallbackEPKh)
    [Anonymous Symbol]                       0x0800579c   Section        0  callback.o(.text._ZN11m3508_motorC2Ef)
    [Anonymous Symbol]                       0x080057c0   Section        0  dt_7_remote_control.o(.text._ZN4dt_716process_rc_frameEPhh)
    [Anonymous Symbol]                       0x08005934   Section        0  imu_module_new.o(.text._ZNK10IMU_Module8getEulerERfS0_S0_)
    __NVIC_EnableIRQ                         0x08005959   Thumb Code    48  stm32f4xx_hal_cortex.o(.text.__NVIC_EnableIRQ)
    [Anonymous Symbol]                       0x08005958   Section        0  stm32f4xx_hal_cortex.o(.text.__NVIC_EnableIRQ)
    __NVIC_GetPriorityGrouping               0x08005989   Thumb Code    16  stm32f4xx_hal_cortex.o(.text.__NVIC_GetPriorityGrouping)
    [Anonymous Symbol]                       0x08005988   Section        0  stm32f4xx_hal_cortex.o(.text.__NVIC_GetPriorityGrouping)
    __NVIC_SetPriority                       0x08005999   Thumb Code    66  stm32f4xx_hal_cortex.o(.text.__NVIC_SetPriority)
    [Anonymous Symbol]                       0x08005998   Section        0  stm32f4xx_hal_cortex.o(.text.__NVIC_SetPriority)
    __NVIC_SetPriorityGrouping               0x080059dd   Thumb Code    60  stm32f4xx_hal_cortex.o(.text.__NVIC_SetPriorityGrouping)
    [Anonymous Symbol]                       0x080059dc   Section        0  stm32f4xx_hal_cortex.o(.text.__NVIC_SetPriorityGrouping)
    __cxx_global_var_init                    0x08005a19   Thumb Code    16  imu_module_new.o(.text.__cxx_global_var_init)
    [Anonymous Symbol]                       0x08005a18   Section        0  imu_module_new.o(.text.__cxx_global_var_init)
    __cxx_global_var_init                    0x08005a29   Thumb Code    20  callback.o(.text.__cxx_global_var_init)
    [Anonymous Symbol]                       0x08005a28   Section        0  callback.o(.text.__cxx_global_var_init)
    [Anonymous Symbol]                       0x08005a3c   Section        0  bmi088.o(.text.bmi088_accel_read_reg)
    [Anonymous Symbol]                       0x08005a78   Section        0  bmi088.o(.text.bmi088_gyro_read_reg)
    [Anonymous Symbol]                       0x08005aac   Section        0  bmi088.o(.text.bmi088_init)
    [Anonymous Symbol]                       0x08005b00   Section        0  imu_module_new.o(.text.imu_module_get_euler)
    [Anonymous Symbol]                       0x08005b34   Section        0  imu_module_new.o(.text.imu_module_init)
    [Anonymous Symbol]                       0x08005b44   Section        0  imu_module_new.o(.text.imu_module_update)
    [Anonymous Symbol]                       0x08005b54   Section        0  main_1.o(.text.main)
    [Anonymous Symbol]                       0x08005b9c   Section        0  usercode.o(.text.userinit)
    [Anonymous Symbol]                       0x08005bf0   Section        0  usercode.o(.text.userloop)
    i.__ARM_fpclassifyf                      0x08005c10   Section        0  fpclassifyf.o(i.__ARM_fpclassifyf)
    i.__hardfp_atan2f                        0x08005c38   Section        0  atan2f.o(i.__hardfp_atan2f)
    i.__hardfp_sqrtf                         0x08005ee4   Section        0  sqrtf.o(i.__hardfp_sqrtf)
    i.__mathlib_flt_infnan2                  0x08005f1e   Section        0  funder.o(i.__mathlib_flt_infnan2)
    i.__mathlib_flt_underflow                0x08005f24   Section        0  funder.o(i.__mathlib_flt_underflow)
    $v0                                      0x08005f34   Number         0  d2f.o(x$fpl$d2f)
    x$fpl$d2f                                0x08005f34   Section       98  d2f.o(x$fpl$d2f)
    $v0                                      0x08005f98   Number         0  ddiv.o(x$fpl$ddiv)
    x$fpl$ddiv                               0x08005f98   Section      692  ddiv.o(x$fpl$ddiv)
    ddiv_entry                               0x08005f9f   Thumb Code     0  ddiv.o(x$fpl$ddiv)
    $v0                                      0x0800624c   Number         0  dmul.o(x$fpl$dmul)
    x$fpl$dmul                               0x0800624c   Section      340  dmul.o(x$fpl$dmul)
    $v0                                      0x080063a0   Number         0  dnaninf.o(x$fpl$dnaninf)
    x$fpl$dnaninf                            0x080063a0   Section      156  dnaninf.o(x$fpl$dnaninf)
    $v0                                      0x0800643c   Number         0  dretinf.o(x$fpl$dretinf)
    x$fpl$dretinf                            0x0800643c   Section       12  dretinf.o(x$fpl$dretinf)
    $v0                                      0x08006448   Number         0  f2d.o(x$fpl$f2d)
    x$fpl$f2d                                0x08006448   Section       86  f2d.o(x$fpl$f2d)
    $v0                                      0x0800649e   Number         0  fnaninf.o(x$fpl$fnaninf)
    x$fpl$fnaninf                            0x0800649e   Section      140  fnaninf.o(x$fpl$fnaninf)
    $v0                                      0x0800652a   Number         0  fpinit.o(x$fpl$fpinit)
    x$fpl$fpinit                             0x0800652a   Section       26  fpinit.o(x$fpl$fpinit)
    $v0                                      0x08006544   Number         0  fretinf.o(x$fpl$fretinf)
    x$fpl$fretinf                            0x08006544   Section       10  fretinf.o(x$fpl$fretinf)
    x$fpl$usenofp                            0x0800654e   Section        0  usenofp.o(x$fpl$usenofp)
    DMA_CalcBaseAndBitshift.flagBitshiftOffset 0x08006566   Data           8  stm32f4xx_hal_dma.o(.rodata.DMA_CalcBaseAndBitshift.flagBitshiftOffset)
    [Anonymous Symbol]                       0x08006566   Section        0  stm32f4xx_hal_dma.o(.rodata.DMA_CalcBaseAndBitshift.flagBitshiftOffset)
    .init_array                              0x08006598   Section        0  init_aeabi.o(.init_array)
    .bss                                     0x20000058   Section       96  libspace.o(.bss)
    imu                                      0x200000e8   Data          56  imu_module_new.o(.bss._ZL3imu)
    [Anonymous Symbol]                       0x200000e8   Section        0  imu_module_new.o(.bss._ZL3imu)
    Heap_Mem                                 0x20000308   Data         512  startup_stm32f407xx.o(HEAP)
    HEAP                                     0x20000308   Section      512  startup_stm32f407xx.o(HEAP)
    Stack_Mem                                0x20000508   Data        1024  startup_stm32f407xx.o(STACK)
    STACK                                    0x20000508   Section     1024  startup_stm32f407xx.o(STACK)
    __initial_sp                             0x20000908   Data           0  startup_stm32f407xx.o(STACK)

    Global Symbols

    Symbol Name                              Value     Ov Type        Size  Object(Section)

    BuildAttributes$$THM_ISAv4$E$P$D$K$B$S$7EM$VFPi3$EXTD16$VFPS$VFMA$PE$A:L22UL41UL21$X:L11$S22US41US21$IEEE1$IW$~IW$USESV6$~STKCKD$USESV7$~SHL$OTIME$ROPI$IEEEX$EBA8$UX$STANDARDLIB$REQ8$PRES8$EABIv2 0x00000000   Number         0  anon$$obj.o ABSOLUTE
    __ARM_exceptions_init                     - Undefined Weak Reference
    __alloca_initialize                       - Undefined Weak Reference
    __arm_preinit_                            - Undefined Weak Reference
    __arm_relocate_pie_                       - Undefined Weak Reference
    __cxa_finalize                            - Undefined Weak Reference
    __rt_locale                               - Undefined Weak Reference
    __sigvec_lookup                           - Undefined Weak Reference
    _atexit_init                              - Undefined Weak Reference
    _call_atexit_fns                          - Undefined Weak Reference
    _clock_init                               - Undefined Weak Reference
    _fp_trap_init                             - Undefined Weak Reference
    _fp_trap_shutdown                         - Undefined Weak Reference
    _get_lc_collate                           - Undefined Weak Reference
    _get_lc_ctype                             - Undefined Weak Reference
    _get_lc_monetary                          - Undefined Weak Reference
    _get_lc_numeric                           - Undefined Weak Reference
    _get_lc_time                              - Undefined Weak Reference
    _getenv_init                              - Undefined Weak Reference
    _handle_redirection                       - Undefined Weak Reference
    _init_alloc                               - Undefined Weak Reference
    _init_user_alloc                          - Undefined Weak Reference
    _initio                                   - Undefined Weak Reference
    _rand_init                                - Undefined Weak Reference
    _signal_finish                            - Undefined Weak Reference
    _signal_init                              - Undefined Weak Reference
    _terminate_alloc                          - Undefined Weak Reference
    _terminate_user_alloc                     - Undefined Weak Reference
    _terminateio                              - Undefined Weak Reference
    __Vectors_Size                           0x00000188   Number         0  startup_stm32f407xx.o ABSOLUTE
    __Vectors                                0x08000000   Data           4  startup_stm32f407xx.o(RESET)
    __Vectors_End                            0x08000188   Data           0  startup_stm32f407xx.o(RESET)
    __main                                   0x08000189   Thumb Code     8  __main.o(!!!main)
    __scatterload                            0x08000191   Thumb Code     0  __scatter.o(!!!scatter)
    __scatterload_rt2                        0x08000191   Thumb Code    44  __scatter.o(!!!scatter)
    __scatterload_rt2_thumb_only             0x08000191   Thumb Code     0  __scatter.o(!!!scatter)
    __scatterload_null                       0x0800019f   Thumb Code     0  __scatter.o(!!!scatter)
    __scatterload_copy                       0x080001c5   Thumb Code    26  __scatter_copy.o(!!handler_copy)
    __scatterload_zeroinit                   0x080001e1   Thumb Code    28  __scatter_zi.o(!!handler_zi)
    __rt_lib_init                            0x080001fd   Thumb Code     0  libinit.o(.ARM.Collect$$libinit$$00000000)
    __rt_lib_init_fp_1                       0x080001ff   Thumb Code     0  libinit2.o(.ARM.Collect$$libinit$$00000001)
    __rt_lib_init_alloca_1                   0x08000203   Thumb Code     0  libinit2.o(.ARM.Collect$$libinit$$00000030)
    __rt_lib_init_argv_1                     0x08000203   Thumb Code     0  libinit2.o(.ARM.Collect$$libinit$$0000002E)
    __rt_lib_init_atexit_1                   0x08000203   Thumb Code     0  libinit2.o(.ARM.Collect$$libinit$$0000001D)
    __rt_lib_init_clock_1                    0x08000203   Thumb Code     0  libinit2.o(.ARM.Collect$$libinit$$00000023)
    __rt_lib_init_cpp_2                      0x08000203   Thumb Code     0  libinit2.o(.ARM.Collect$$libinit$$00000033)
    __rt_lib_init_exceptions_1               0x08000203   Thumb Code     0  libinit2.o(.ARM.Collect$$libinit$$00000032)
    __rt_lib_init_fp_trap_1                  0x08000203   Thumb Code     0  libinit2.o(.ARM.Collect$$libinit$$00000021)
    __rt_lib_init_getenv_1                   0x08000203   Thumb Code     0  libinit2.o(.ARM.Collect$$libinit$$00000025)
    __rt_lib_init_heap_1                     0x08000203   Thumb Code     0  libinit2.o(.ARM.Collect$$libinit$$0000000C)
    __rt_lib_init_lc_collate_1               0x08000203   Thumb Code     0  libinit2.o(.ARM.Collect$$libinit$$00000013)
    __rt_lib_init_lc_ctype_1                 0x08000203   Thumb Code     0  libinit2.o(.ARM.Collect$$libinit$$00000015)
    __rt_lib_init_lc_monetary_1              0x08000203   Thumb Code     0  libinit2.o(.ARM.Collect$$libinit$$00000017)
    __rt_lib_init_lc_numeric_1               0x08000203   Thumb Code     0  libinit2.o(.ARM.Collect$$libinit$$00000019)
    __rt_lib_init_lc_time_1                  0x08000203   Thumb Code     0  libinit2.o(.ARM.Collect$$libinit$$0000001B)
    __rt_lib_init_preinit_1                  0x08000203   Thumb Code     0  libinit2.o(.ARM.Collect$$libinit$$00000006)
    __rt_lib_init_rand_1                     0x08000203   Thumb Code     0  libinit2.o(.ARM.Collect$$libinit$$00000010)
    __rt_lib_init_relocate_pie_1             0x08000203   Thumb Code     0  libinit2.o(.ARM.Collect$$libinit$$00000004)
    __rt_lib_init_signal_1                   0x08000203   Thumb Code     0  libinit2.o(.ARM.Collect$$libinit$$0000001F)
    __rt_lib_init_stdio_1                    0x08000203   Thumb Code     0  libinit2.o(.ARM.Collect$$libinit$$00000027)
    __rt_lib_init_user_alloc_1               0x08000203   Thumb Code     0  libinit2.o(.ARM.Collect$$libinit$$0000000E)
    __rt_lib_init_cpp_1                      0x08000207   Thumb Code     0  libinit2.o(.ARM.Collect$$libinit$$00000034)
    __rt_lib_init_return                     0x08000207   Thumb Code     0  libinit2.o(.ARM.Collect$$libinit$$00000035)
    __rt_lib_shutdown                        0x08000209   Thumb Code     0  libshutdown.o(.ARM.Collect$$libshutdown$$00000000)
    __rt_lib_shutdown_cpp_1                  0x0800020b   Thumb Code     0  libshutdown2.o(.ARM.Collect$$libshutdown$$00000002)
    __rt_lib_shutdown_fp_trap_1              0x0800020b   Thumb Code     0  libshutdown2.o(.ARM.Collect$$libshutdown$$00000007)
    __rt_lib_shutdown_heap_1                 0x0800020b   Thumb Code     0  libshutdown2.o(.ARM.Collect$$libshutdown$$0000000F)
    __rt_lib_shutdown_return                 0x0800020b   Thumb Code     0  libshutdown2.o(.ARM.Collect$$libshutdown$$00000010)
    __rt_lib_shutdown_signal_1               0x0800020b   Thumb Code     0  libshutdown2.o(.ARM.Collect$$libshutdown$$0000000A)
    __rt_lib_shutdown_stdio_1                0x0800020b   Thumb Code     0  libshutdown2.o(.ARM.Collect$$libshutdown$$00000004)
    __rt_lib_shutdown_user_alloc_1           0x0800020b   Thumb Code     0  libshutdown2.o(.ARM.Collect$$libshutdown$$0000000C)
    __rt_entry                               0x0800020d   Thumb Code     0  __rtentry.o(.ARM.Collect$$rtentry$$00000000)
    __rt_entry_presh_1                       0x0800020d   Thumb Code     0  __rtentry2.o(.ARM.Collect$$rtentry$$00000002)
    __rt_entry_sh                            0x0800020d   Thumb Code     0  __rtentry4.o(.ARM.Collect$$rtentry$$00000004)
    __rt_entry_li                            0x08000213   Thumb Code     0  __rtentry2.o(.ARM.Collect$$rtentry$$0000000A)
    __rt_entry_postsh_1                      0x08000213   Thumb Code     0  __rtentry2.o(.ARM.Collect$$rtentry$$00000009)
    __rt_entry_main                          0x08000217   Thumb Code     0  __rtentry2.o(.ARM.Collect$$rtentry$$0000000D)
    __rt_entry_postli_1                      0x08000217   Thumb Code     0  __rtentry2.o(.ARM.Collect$$rtentry$$0000000C)
    __rt_exit                                0x0800021f   Thumb Code     0  rtexit.o(.ARM.Collect$$rtexit$$00000000)
    __rt_exit_ls                             0x08000221   Thumb Code     0  rtexit2.o(.ARM.Collect$$rtexit$$00000003)
    __rt_exit_prels_1                        0x08000221   Thumb Code     0  rtexit2.o(.ARM.Collect$$rtexit$$00000002)
    __rt_exit_exit                           0x08000225   Thumb Code     0  rtexit2.o(.ARM.Collect$$rtexit$$00000004)
    Reset_Handler                            0x0800022d   Thumb Code     8  startup_stm32f407xx.o(.text)
    ADC_IRQHandler                           0x08000247   Thumb Code     0  startup_stm32f407xx.o(.text)
    CAN2_RX0_IRQHandler                      0x08000247   Thumb Code     0  startup_stm32f407xx.o(.text)
    CAN2_RX1_IRQHandler                      0x08000247   Thumb Code     0  startup_stm32f407xx.o(.text)
    CAN2_SCE_IRQHandler                      0x08000247   Thumb Code     0  startup_stm32f407xx.o(.text)
    CAN2_TX_IRQHandler                       0x08000247   Thumb Code     0  startup_stm32f407xx.o(.text)
    DCMI_IRQHandler                          0x08000247   Thumb Code     0  startup_stm32f407xx.o(.text)
    DMA1_Stream0_IRQHandler                  0x08000247   Thumb Code     0  startup_stm32f407xx.o(.text)
    DMA1_Stream2_IRQHandler                  0x08000247   Thumb Code     0  startup_stm32f407xx.o(.text)
    DMA1_Stream3_IRQHandler                  0x08000247   Thumb Code     0  startup_stm32f407xx.o(.text)
    DMA1_Stream4_IRQHandler                  0x08000247   Thumb Code     0  startup_stm32f407xx.o(.text)
    DMA1_Stream5_IRQHandler                  0x08000247   Thumb Code     0  startup_stm32f407xx.o(.text)
    DMA1_Stream6_IRQHandler                  0x08000247   Thumb Code     0  startup_stm32f407xx.o(.text)
    DMA1_Stream7_IRQHandler                  0x08000247   Thumb Code     0  startup_stm32f407xx.o(.text)
    DMA2_Stream0_IRQHandler                  0x08000247   Thumb Code     0  startup_stm32f407xx.o(.text)
    DMA2_Stream1_IRQHandler                  0x08000247   Thumb Code     0  startup_stm32f407xx.o(.text)
    DMA2_Stream2_IRQHandler                  0x08000247   Thumb Code     0  startup_stm32f407xx.o(.text)
    DMA2_Stream3_IRQHandler                  0x08000247   Thumb Code     0  startup_stm32f407xx.o(.text)
    DMA2_Stream4_IRQHandler                  0x08000247   Thumb Code     0  startup_stm32f407xx.o(.text)
    DMA2_Stream5_IRQHandler                  0x08000247   Thumb Code     0  startup_stm32f407xx.o(.text)
    DMA2_Stream6_IRQHandler                  0x08000247   Thumb Code     0  startup_stm32f407xx.o(.text)
    DMA2_Stream7_IRQHandler                  0x08000247   Thumb Code     0  startup_stm32f407xx.o(.text)
    ETH_IRQHandler                           0x08000247   Thumb Code     0  startup_stm32f407xx.o(.text)
    ETH_WKUP_IRQHandler                      0x08000247   Thumb Code     0  startup_stm32f407xx.o(.text)
    EXTI0_IRQHandler                         0x08000247   Thumb Code     0  startup_stm32f407xx.o(.text)
    EXTI15_10_IRQHandler                     0x08000247   Thumb Code     0  startup_stm32f407xx.o(.text)
    EXTI1_IRQHandler                         0x08000247   Thumb Code     0  startup_stm32f407xx.o(.text)
    EXTI2_IRQHandler                         0x08000247   Thumb Code     0  startup_stm32f407xx.o(.text)
    EXTI3_IRQHandler                         0x08000247   Thumb Code     0  startup_stm32f407xx.o(.text)
    EXTI4_IRQHandler                         0x08000247   Thumb Code     0  startup_stm32f407xx.o(.text)
    EXTI9_5_IRQHandler                       0x08000247   Thumb Code     0  startup_stm32f407xx.o(.text)
    FLASH_IRQHandler                         0x08000247   Thumb Code     0  startup_stm32f407xx.o(.text)
    FMC_IRQHandler                           0x08000247   Thumb Code     0  startup_stm32f407xx.o(.text)
    FPU_IRQHandler                           0x08000247   Thumb Code     0  startup_stm32f407xx.o(.text)
    HASH_RNG_IRQHandler                      0x08000247   Thumb Code     0  startup_stm32f407xx.o(.text)
    I2C1_ER_IRQHandler                       0x08000247   Thumb Code     0  startup_stm32f407xx.o(.text)
    I2C1_EV_IRQHandler                       0x08000247   Thumb Code     0  startup_stm32f407xx.o(.text)
    I2C2_ER_IRQHandler                       0x08000247   Thumb Code     0  startup_stm32f407xx.o(.text)
    I2C2_EV_IRQHandler                       0x08000247   Thumb Code     0  startup_stm32f407xx.o(.text)
    I2C3_ER_IRQHandler                       0x08000247   Thumb Code     0  startup_stm32f407xx.o(.text)
    I2C3_EV_IRQHandler                       0x08000247   Thumb Code     0  startup_stm32f407xx.o(.text)
    OTG_FS_IRQHandler                        0x08000247   Thumb Code     0  startup_stm32f407xx.o(.text)
    OTG_FS_WKUP_IRQHandler                   0x08000247   Thumb Code     0  startup_stm32f407xx.o(.text)
    OTG_HS_EP1_IN_IRQHandler                 0x08000247   Thumb Code     0  startup_stm32f407xx.o(.text)
    OTG_HS_EP1_OUT_IRQHandler                0x08000247   Thumb Code     0  startup_stm32f407xx.o(.text)
    OTG_HS_IRQHandler                        0x08000247   Thumb Code     0  startup_stm32f407xx.o(.text)
    OTG_HS_WKUP_IRQHandler                   0x08000247   Thumb Code     0  startup_stm32f407xx.o(.text)
    PVD_IRQHandler                           0x08000247   Thumb Code     0  startup_stm32f407xx.o(.text)
    RCC_IRQHandler                           0x08000247   Thumb Code     0  startup_stm32f407xx.o(.text)
    RTC_Alarm_IRQHandler                     0x08000247   Thumb Code     0  startup_stm32f407xx.o(.text)
    RTC_WKUP_IRQHandler                      0x08000247   Thumb Code     0  startup_stm32f407xx.o(.text)
    SDIO_IRQHandler                          0x08000247   Thumb Code     0  startup_stm32f407xx.o(.text)
    SPI1_IRQHandler                          0x08000247   Thumb Code     0  startup_stm32f407xx.o(.text)
    SPI2_IRQHandler                          0x08000247   Thumb Code     0  startup_stm32f407xx.o(.text)
    SPI3_IRQHandler                          0x08000247   Thumb Code     0  startup_stm32f407xx.o(.text)
    TAMP_STAMP_IRQHandler                    0x08000247   Thumb Code     0  startup_stm32f407xx.o(.text)
    TIM1_BRK_TIM9_IRQHandler                 0x08000247   Thumb Code     0  startup_stm32f407xx.o(.text)
    TIM1_CC_IRQHandler                       0x08000247   Thumb Code     0  startup_stm32f407xx.o(.text)
    TIM1_TRG_COM_TIM11_IRQHandler            0x08000247   Thumb Code     0  startup_stm32f407xx.o(.text)
    TIM1_UP_TIM10_IRQHandler                 0x08000247   Thumb Code     0  startup_stm32f407xx.o(.text)
    TIM2_IRQHandler                          0x08000247   Thumb Code     0  startup_stm32f407xx.o(.text)
    TIM3_IRQHandler                          0x08000247   Thumb Code     0  startup_stm32f407xx.o(.text)
    TIM4_IRQHandler                          0x08000247   Thumb Code     0  startup_stm32f407xx.o(.text)
    TIM5_IRQHandler                          0x08000247   Thumb Code     0  startup_stm32f407xx.o(.text)
    TIM7_IRQHandler                          0x08000247   Thumb Code     0  startup_stm32f407xx.o(.text)
    TIM8_BRK_TIM12_IRQHandler                0x08000247   Thumb Code     0  startup_stm32f407xx.o(.text)
    TIM8_CC_IRQHandler                       0x08000247   Thumb Code     0  startup_stm32f407xx.o(.text)
    TIM8_TRG_COM_TIM14_IRQHandler            0x08000247   Thumb Code     0  startup_stm32f407xx.o(.text)
    TIM8_UP_TIM13_IRQHandler                 0x08000247   Thumb Code     0  startup_stm32f407xx.o(.text)
    UART4_IRQHandler                         0x08000247   Thumb Code     0  startup_stm32f407xx.o(.text)
    UART5_IRQHandler                         0x08000247   Thumb Code     0  startup_stm32f407xx.o(.text)
    USART1_IRQHandler                        0x08000247   Thumb Code     0  startup_stm32f407xx.o(.text)
    USART2_IRQHandler                        0x08000247   Thumb Code     0  startup_stm32f407xx.o(.text)
    USART6_IRQHandler                        0x08000247   Thumb Code     0  startup_stm32f407xx.o(.text)
    WWDG_IRQHandler                          0x08000247   Thumb Code     0  startup_stm32f407xx.o(.text)
    __user_initial_stackheap                 0x08000249   Thumb Code     0  startup_stm32f407xx.o(.text)
    __aeabi_uldivmod                         0x0800026d   Thumb Code     0  lludivv7m.o(.text)
    _ll_udiv                                 0x0800026d   Thumb Code   240  lludivv7m.o(.text)
    __aeabi_memclr4                          0x0800035d   Thumb Code     0  rt_memclr_w.o(.text)
    __aeabi_memclr8                          0x0800035d   Thumb Code     0  rt_memclr_w.o(.text)
    __rt_memclr_w                            0x0800035d   Thumb Code     0  rt_memclr_w.o(.text)
    _memset_w                                0x08000361   Thumb Code    74  rt_memclr_w.o(.text)
    __use_two_region_memory                  0x080003ab   Thumb Code     2  heapauxi.o(.text)
    __rt_heap_escrow$2region                 0x080003ad   Thumb Code     2  heapauxi.o(.text)
    __rt_heap_expand$2region                 0x080003af   Thumb Code     2  heapauxi.o(.text)
    __cpp_initialize__aeabi_                 0x080003b1   Thumb Code    28  init_aeabi.o(.text)
    __read_errno                             0x080003d5   Thumb Code    10  _rserrno.o(.text)
    __set_errno                              0x080003df   Thumb Code    12  _rserrno.o(.text)
    __aeabi_errno_addr                       0x080003ed   Thumb Code     8  rt_errno_addr_intlibspace.o(.text)
    __errno$intlibspace                      0x080003ed   Thumb Code     0  rt_errno_addr_intlibspace.o(.text)
    __rt_errno_addr$intlibspace              0x080003ed   Thumb Code     0  rt_errno_addr_intlibspace.o(.text)
    __user_libspace                          0x080003f5   Thumb Code     8  libspace.o(.text)
    __user_perproc_libspace                  0x080003f5   Thumb Code     0  libspace.o(.text)
    __user_perthread_libspace                0x080003f5   Thumb Code     0  libspace.o(.text)
    __user_setup_stackheap                   0x080003fd   Thumb Code    74  sys_stackheap_outer.o(.text)
    exit                                     0x08000447   Thumb Code    18  exit.o(.text)
    _sys_exit                                0x08000459   Thumb Code     8  sys_exit.o(.text)
    __I$use$semihosting                      0x08000465   Thumb Code     0  use_no_semi.o(.text)
    __use_no_semihosting_swi                 0x08000465   Thumb Code     2  use_no_semi.o(.text)
    __semihosting_library_function           0x08000467   Thumb Code     0  indicate_semi.o(.text)
    BusFault_Handler                         0x08000469   Thumb Code     4  stm32f4xx_it.o(.text.BusFault_Handler)
    CAN1_RX0_IRQHandler                      0x0800046d   Thumb Code    16  stm32f4xx_it.o(.text.CAN1_RX0_IRQHandler)
    CAN1_RX1_IRQHandler                      0x0800047d   Thumb Code    16  stm32f4xx_it.o(.text.CAN1_RX1_IRQHandler)
    CAN1_SCE_IRQHandler                      0x0800048d   Thumb Code    16  stm32f4xx_it.o(.text.CAN1_SCE_IRQHandler)
    CAN1_TX_IRQHandler                       0x0800049d   Thumb Code    16  stm32f4xx_it.o(.text.CAN1_TX_IRQHandler)
    DMA1_Stream1_IRQHandler                  0x080004ad   Thumb Code    16  stm32f4xx_it.o(.text.DMA1_Stream1_IRQHandler)
    DebugMon_Handler                         0x08000655   Thumb Code     2  stm32f4xx_it.o(.text.DebugMon_Handler)
    Error_Handler                            0x08000659   Thumb Code     6  main_1.o(.text.Error_Handler)
    HAL_CAN_ActivateNotification             0x08000661   Thumb Code    82  stm32f4xx_hal_can.o(.text.HAL_CAN_ActivateNotification)
    HAL_CAN_AddTxMessage                     0x080006b5   Thumb Code   342  stm32f4xx_hal_can.o(.text.HAL_CAN_AddTxMessage)
    HAL_CAN_ConfigFilter                     0x0800080d   Thumb Code   414  stm32f4xx_hal_can.o(.text.HAL_CAN_ConfigFilter)
    HAL_CAN_ErrorCallback                    0x080009ad   Thumb Code     8  stm32f4xx_hal_can.o(.text.HAL_CAN_ErrorCallback)
    HAL_CAN_GetRxMessage                     0x080009b5   Thumb Code   530  stm32f4xx_hal_can.o(.text.HAL_CAN_GetRxMessage)
    HAL_CAN_IRQHandler                       0x08000bc9   Thumb Code  1010  stm32f4xx_hal_can.o(.text.HAL_CAN_IRQHandler)
    HAL_CAN_Init                             0x08000fbd   Thumb Code   478  stm32f4xx_hal_can.o(.text.HAL_CAN_Init)
    HAL_CAN_MspInit                          0x0800119d   Thumb Code   216  can.o(.text.HAL_CAN_MspInit)
    HAL_CAN_RxFifo0FullCallback              0x08001275   Thumb Code     8  stm32f4xx_hal_can.o(.text.HAL_CAN_RxFifo0FullCallback)
    HAL_CAN_RxFifo0MsgPendingCallback        0x0800127d   Thumb Code    98  callback.o(.text.HAL_CAN_RxFifo0MsgPendingCallback)
    HAL_CAN_RxFifo1FullCallback              0x080012e1   Thumb Code     8  stm32f4xx_hal_can.o(.text.HAL_CAN_RxFifo1FullCallback)
    HAL_CAN_RxFifo1MsgPendingCallback        0x080012e9   Thumb Code     8  stm32f4xx_hal_can.o(.text.HAL_CAN_RxFifo1MsgPendingCallback)
    HAL_CAN_SleepCallback                    0x080012f1   Thumb Code     8  stm32f4xx_hal_can.o(.text.HAL_CAN_SleepCallback)
    HAL_CAN_Start                            0x080012f9   Thumb Code   138  stm32f4xx_hal_can.o(.text.HAL_CAN_Start)
    HAL_CAN_TxMailbox0AbortCallback          0x08001385   Thumb Code     8  stm32f4xx_hal_can.o(.text.HAL_CAN_TxMailbox0AbortCallback)
    HAL_CAN_TxMailbox0CompleteCallback       0x0800138d   Thumb Code     8  stm32f4xx_hal_can.o(.text.HAL_CAN_TxMailbox0CompleteCallback)
    HAL_CAN_TxMailbox1AbortCallback          0x08001395   Thumb Code     8  stm32f4xx_hal_can.o(.text.HAL_CAN_TxMailbox1AbortCallback)
    HAL_CAN_TxMailbox1CompleteCallback       0x0800139d   Thumb Code     8  stm32f4xx_hal_can.o(.text.HAL_CAN_TxMailbox1CompleteCallback)
    HAL_CAN_TxMailbox2AbortCallback          0x080013a5   Thumb Code     8  stm32f4xx_hal_can.o(.text.HAL_CAN_TxMailbox2AbortCallback)
    HAL_CAN_TxMailbox2CompleteCallback       0x080013ad   Thumb Code     8  stm32f4xx_hal_can.o(.text.HAL_CAN_TxMailbox2CompleteCallback)
    HAL_CAN_WakeUpFromRxMsgCallback          0x080013b5   Thumb Code     8  stm32f4xx_hal_can.o(.text.HAL_CAN_WakeUpFromRxMsgCallback)
    HAL_DMA_Abort                            0x080013bd   Thumb Code   236  stm32f4xx_hal_dma.o(.text.HAL_DMA_Abort)
    HAL_DMA_Abort_IT                         0x080014a9   Thumb Code    68  stm32f4xx_hal_dma.o(.text.HAL_DMA_Abort_IT)
    HAL_DMA_IRQHandler                       0x080014ed   Thumb Code   798  stm32f4xx_hal_dma.o(.text.HAL_DMA_IRQHandler)
    HAL_DMA_Init                             0x0800180d   Thumb Code   366  stm32f4xx_hal_dma.o(.text.HAL_DMA_Init)
    HAL_DMA_Start_IT                         0x0800197d   Thumb Code   194  stm32f4xx_hal_dma.o(.text.HAL_DMA_Start_IT)
    HAL_Delay                                0x08001a41   Thumb Code    66  stm32f4xx_hal.o(.text.HAL_Delay)
    HAL_GPIO_Init                            0x08001a85   Thumb Code   950  stm32f4xx_hal_gpio.o(.text.HAL_GPIO_Init)
    HAL_GPIO_WritePin                        0x08001e3d   Thumb Code    46  stm32f4xx_hal_gpio.o(.text.HAL_GPIO_WritePin)
    HAL_GetTick                              0x08001e6d   Thumb Code    12  stm32f4xx_hal.o(.text.HAL_GetTick)
    HAL_IncTick                              0x08001e79   Thumb Code    26  stm32f4xx_hal.o(.text.HAL_IncTick)
    HAL_Init                                 0x08001e95   Thumb Code    54  stm32f4xx_hal.o(.text.HAL_Init)
    HAL_InitTick                             0x08001ecd   Thumb Code   112  stm32f4xx_hal.o(.text.HAL_InitTick)
    HAL_MspInit                              0x08001f3d   Thumb Code    74  stm32f4xx_hal_msp.o(.text.HAL_MspInit)
    HAL_NVIC_EnableIRQ                       0x08001f89   Thumb Code    20  stm32f4xx_hal_cortex.o(.text.HAL_NVIC_EnableIRQ)
    HAL_NVIC_SetPriority                     0x08001f9d   Thumb Code    50  stm32f4xx_hal_cortex.o(.text.HAL_NVIC_SetPriority)
    HAL_NVIC_SetPriorityGrouping             0x08001fd1   Thumb Code    16  stm32f4xx_hal_cortex.o(.text.HAL_NVIC_SetPriorityGrouping)
    HAL_RCC_ClockConfig                      0x08001fe1   Thumb Code   610  stm32f4xx_hal_rcc.o(.text.HAL_RCC_ClockConfig)
    HAL_RCC_GetHCLKFreq                      0x08002245   Thumb Code    12  stm32f4xx_hal_rcc.o(.text.HAL_RCC_GetHCLKFreq)
    HAL_RCC_GetPCLK1Freq                     0x08002251   Thumb Code    34  stm32f4xx_hal_rcc.o(.text.HAL_RCC_GetPCLK1Freq)
    HAL_RCC_GetPCLK2Freq                     0x08002275   Thumb Code    34  stm32f4xx_hal_rcc.o(.text.HAL_RCC_GetPCLK2Freq)
    HAL_RCC_GetSysClockFreq                  0x08002299   Thumb Code   230  stm32f4xx_hal_rcc.o(.text.HAL_RCC_GetSysClockFreq)
    HAL_RCC_OscConfig                        0x08002381   Thumb Code  1726  stm32f4xx_hal_rcc.o(.text.HAL_RCC_OscConfig)
    HAL_SPI_GetState                         0x08002a41   Thumb Code    14  stm32f4xx_hal_spi.o(.text.HAL_SPI_GetState)
    HAL_SPI_Init                             0x08002a51   Thumb Code   256  stm32f4xx_hal_spi.o(.text.HAL_SPI_Init)
    HAL_SPI_MspInit                          0x08002b51   Thumb Code   228  spi.o(.text.HAL_SPI_MspInit)
    HAL_SPI_Receive                          0x08002c35   Thumb Code   590  stm32f4xx_hal_spi.o(.text.HAL_SPI_Receive)
    HAL_SPI_Transmit                         0x08002e85   Thumb Code   674  stm32f4xx_hal_spi.o(.text.HAL_SPI_Transmit)
    HAL_SPI_TransmitReceive                  0x08003129   Thumb Code   930  stm32f4xx_hal_spi.o(.text.HAL_SPI_TransmitReceive)
    HAL_SYSTICK_Config                       0x080034cd   Thumb Code    16  stm32f4xx_hal_cortex.o(.text.HAL_SYSTICK_Config)
    HAL_TIMEx_BreakCallback                  0x080034dd   Thumb Code     8  stm32f4xx_hal_tim_ex.o(.text.HAL_TIMEx_BreakCallback)
    HAL_TIMEx_CommutCallback                 0x080034e5   Thumb Code     8  stm32f4xx_hal_tim_ex.o(.text.HAL_TIMEx_CommutCallback)
    HAL_TIMEx_MasterConfigSynchronization    0x080034ed   Thumb Code   290  stm32f4xx_hal_tim_ex.o(.text.HAL_TIMEx_MasterConfigSynchronization)
    HAL_TIM_Base_Init                        0x08003611   Thumb Code   156  stm32f4xx_hal_tim.o(.text.HAL_TIM_Base_Init)
    HAL_TIM_Base_MspInit                     0x080036ad   Thumb Code    82  tim.o(.text.HAL_TIM_Base_MspInit)
    HAL_TIM_Base_Start_IT                    0x08003701   Thumb Code   246  stm32f4xx_hal_tim.o(.text.HAL_TIM_Base_Start_IT)
    HAL_TIM_IC_CaptureCallback               0x080037f9   Thumb Code     8  stm32f4xx_hal_tim.o(.text.HAL_TIM_IC_CaptureCallback)
    HAL_TIM_IRQHandler                       0x08003801   Thumb Code   538  stm32f4xx_hal_tim.o(.text.HAL_TIM_IRQHandler)
    HAL_TIM_OC_DelayElapsedCallback          0x08003a1d   Thumb Code     8  stm32f4xx_hal_tim.o(.text.HAL_TIM_OC_DelayElapsedCallback)
    HAL_TIM_PWM_PulseFinishedCallback        0x08003a25   Thumb Code     8  stm32f4xx_hal_tim.o(.text.HAL_TIM_PWM_PulseFinishedCallback)
    HAL_TIM_PeriodElapsedCallback            0x08003a2d   Thumb Code    72  callback.o(.text.HAL_TIM_PeriodElapsedCallback)
    HAL_TIM_TriggerCallback                  0x08003a75   Thumb Code     8  stm32f4xx_hal_tim.o(.text.HAL_TIM_TriggerCallback)
    HAL_UARTEx_ReceiveToIdle_DMA             0x08003a7d   Thumb Code   184  stm32f4xx_hal_uart.o(.text.HAL_UARTEx_ReceiveToIdle_DMA)
    HAL_UARTEx_RxEventCallback               0x08003b35   Thumb Code   148  callback.o(.text.HAL_UARTEx_RxEventCallback)
    HAL_UART_ErrorCallback                   0x08003bc9   Thumb Code     8  stm32f4xx_hal_uart.o(.text.HAL_UART_ErrorCallback)
    HAL_UART_IRQHandler                      0x08003bd1   Thumb Code  1116  stm32f4xx_hal_uart.o(.text.HAL_UART_IRQHandler)
    HAL_UART_Init                            0x0800402d   Thumb Code   158  stm32f4xx_hal_uart.o(.text.HAL_UART_Init)
    HAL_UART_MspInit                         0x080040cd   Thumb Code   246  usart.o(.text.HAL_UART_MspInit)
    HAL_UART_RxCpltCallback                  0x080041c5   Thumb Code     8  stm32f4xx_hal_uart.o(.text.HAL_UART_RxCpltCallback)
    HAL_UART_RxHalfCpltCallback              0x080041cd   Thumb Code     8  stm32f4xx_hal_uart.o(.text.HAL_UART_RxHalfCpltCallback)
    HAL_UART_TxCpltCallback                  0x080041d5   Thumb Code     8  stm32f4xx_hal_uart.o(.text.HAL_UART_TxCpltCallback)
    HardFault_Handler                        0x080041dd   Thumb Code     4  stm32f4xx_it.o(.text.HardFault_Handler)
    MX_CAN1_Init                             0x080041e1   Thumb Code    78  can.o(.text.MX_CAN1_Init)
    MX_DMA_Init                              0x08004231   Thumb Code    60  dma.o(.text.MX_DMA_Init)
    MX_GPIO_Init                             0x0800426d   Thumb Code   274  gpio.o(.text.MX_GPIO_Init)
    MX_SPI1_Init                             0x08004381   Thumb Code    82  spi.o(.text.MX_SPI1_Init)
    MX_TIM6_Init                             0x080043d5   Thumb Code    90  tim.o(.text.MX_TIM6_Init)
    MX_USART3_UART_Init                      0x08004431   Thumb Code    76  usart.o(.text.MX_USART3_UART_Init)
    MemManage_Handler                        0x0800447d   Thumb Code     4  stm32f4xx_it.o(.text.MemManage_Handler)
    NMI_Handler                              0x08004481   Thumb Code     4  stm32f4xx_it.o(.text.NMI_Handler)
    PendSV_Handler                           0x080044f1   Thumb Code     2  stm32f4xx_it.o(.text.PendSV_Handler)
    SVC_Handler                              0x080047d1   Thumb Code     2  stm32f4xx_it.o(.text.SVC_Handler)
    SysTick_Handler                          0x08004829   Thumb Code     8  stm32f4xx_it.o(.text.SysTick_Handler)
    SystemClock_Config                       0x08004831   Thumb Code   188  main_1.o(.text.SystemClock_Config)
    SystemInit                               0x080048ed   Thumb Code    18  system_stm32f4xx.o(.text.SystemInit)
    TIM6_DAC_IRQHandler                      0x08004901   Thumb Code    16  stm32f4xx_it.o(.text.TIM6_DAC_IRQHandler)
    TIM_Base_SetConfig                       0x08004911   Thumb Code   420  stm32f4xx_hal_tim.o(.text.TIM_Base_SetConfig)
    UART_Start_Receive_DMA                   0x0800500d   Thumb Code   304  stm32f4xx_hal_uart.o(.text.UART_Start_Receive_DMA)
    USART3_IRQHandler                        0x080051d1   Thumb Code    16  stm32f4xx_it.o(.text.USART3_IRQHandler)
    UsageFault_Handler                       0x080051e1   Thumb Code     4  stm32f4xx_it.o(.text.UsageFault_Handler)
    linearMapping(int, int, int, float, float) 0x080051f5   Thumb Code    78  m3508_motor.o(.text._Z13linearMappingiiiff)
    BMI088_GYRO_NS_H()                       0x08005245   Thumb Code    20  bmi088.o(.text._Z16BMI088_GYRO_NS_Hv)
    BMI088_GYRO_NS_L()                       0x08005259   Thumb Code    20  bmi088.o(.text._Z16BMI088_GYRO_NS_Lv)
    bmi088_read_byte(unsigned char*)         0x0800526d   Thumb Code    52  bmi088.o(.text._Z16bmi088_read_bytePh)
    bmi088_write_reg(unsigned char, unsigned char) 0x080052a1   Thumb Code    56  bmi088.o(.text._Z16bmi088_write_reghh)
    BMI088_ACCEL_NS_H()                      0x080052d9   Thumb Code    18  bmi088.o(.text._Z17BMI088_ACCEL_NS_Hv)
    BMI088_ACCEL_NS_L()                      0x080052ed   Thumb Code    18  bmi088.o(.text._Z17BMI088_ACCEL_NS_Lv)
    bmi088_write_byte(unsigned char)         0x08005301   Thumb Code    56  bmi088.o(.text._Z17bmi088_write_byteh)
    IMU_Module::read_accel()                 0x08005339   Thumb Code   196  imu_module_new.o(.text._ZN10IMU_Module10read_accelEv)
    IMU_Module::complementary_filter()       0x080053fd   Thumb Code   276  imu_module_new.o(.text._ZN10IMU_Module20complementary_filterEv)
    IMU_Module::init()                       0x08005511   Thumb Code    14  imu_module_new.o(.text._ZN10IMU_Module4initEv)
    IMU_Module::update()                     0x08005521   Thumb Code    30  imu_module_new.o(.text._ZN10IMU_Module6updateEv)
    IMU_Module::read_gyro()                  0x08005541   Thumb Code   196  imu_module_new.o(.text._ZN10IMU_Module9read_gyroEv)
    IMU_Module::IMU_Module()                 0x08005605   Thumb Code    50  imu_module_new.o(.text._ZN10IMU_ModuleC2Ev)
    IMU_Module::IMU_Module__sub_object()     0x08005605   Thumb Code    50  imu_module_new.o(.text._ZN10IMU_ModuleC2Ev)
    m3508_motor::canRxMsgCallback(unsigned char const*) 0x08005639   Thumb Code   356  m3508_motor.o(.text._ZN11m3508_motor16canRxMsgCallbackEPKh)
    m3508_motor::m3508_motor__sub_object(float) 0x0800579d   Thumb Code    36  callback.o(.text._ZN11m3508_motorC2Ef)
    dt_7::process_rc_frame(unsigned char*, unsigned char) 0x080057c1   Thumb Code   370  dt_7_remote_control.o(.text._ZN4dt_716process_rc_frameEPhh)
    IMU_Module::getEuler(float&, float&, float&) const 0x08005935   Thumb Code    34  imu_module_new.o(.text._ZNK10IMU_Module8getEulerERfS0_S0_)
    bmi088_accel_read_reg                    0x08005a3d   Thumb Code    58  bmi088.o(.text.bmi088_accel_read_reg)
    bmi088_gyro_read_reg                     0x08005a79   Thumb Code    52  bmi088.o(.text.bmi088_gyro_read_reg)
    bmi088_init                              0x08005aad   Thumb Code    84  bmi088.o(.text.bmi088_init)
    imu_module_get_euler                     0x08005b01   Thumb Code    52  imu_module_new.o(.text.imu_module_get_euler)
    imu_module_init                          0x08005b35   Thumb Code    16  imu_module_new.o(.text.imu_module_init)
    imu_module_update                        0x08005b45   Thumb Code    16  imu_module_new.o(.text.imu_module_update)
    main                                     0x08005b55   Thumb Code    70  main_1.o(.text.main)
    userinit                                 0x08005b9d   Thumb Code    82  usercode.o(.text.userinit)
    userloop                                 0x08005bf1   Thumb Code    32  usercode.o(.text.userloop)
    __ARM_fpclassifyf                        0x08005c11   Thumb Code    38  fpclassifyf.o(i.__ARM_fpclassifyf)
    __hardfp_atan2f                          0x08005c39   Thumb Code   594  atan2f.o(i.__hardfp_atan2f)
    __hardfp_sqrtf                           0x08005ee5   Thumb Code    58  sqrtf.o(i.__hardfp_sqrtf)
    __mathlib_flt_infnan2                    0x08005f1f   Thumb Code     6  funder.o(i.__mathlib_flt_infnan2)
    __mathlib_flt_underflow                  0x08005f25   Thumb Code    10  funder.o(i.__mathlib_flt_underflow)
    __aeabi_d2f                              0x08005f35   Thumb Code     0  d2f.o(x$fpl$d2f)
    _d2f                                     0x08005f35   Thumb Code    98  d2f.o(x$fpl$d2f)
    __aeabi_ddiv                             0x08005f99   Thumb Code     0  ddiv.o(x$fpl$ddiv)
    _ddiv                                    0x08005f99   Thumb Code   556  ddiv.o(x$fpl$ddiv)
    __aeabi_dmul                             0x0800624d   Thumb Code     0  dmul.o(x$fpl$dmul)
    _dmul                                    0x0800624d   Thumb Code   332  dmul.o(x$fpl$dmul)
    __fpl_dnaninf                            0x080063a1   Thumb Code   156  dnaninf.o(x$fpl$dnaninf)
    __fpl_dretinf                            0x0800643d   Thumb Code    12  dretinf.o(x$fpl$dretinf)
    __aeabi_f2d                              0x08006449   Thumb Code     0  f2d.o(x$fpl$f2d)
    _f2d                                     0x08006449   Thumb Code    86  f2d.o(x$fpl$f2d)
    __fpl_fnaninf                            0x0800649f   Thumb Code   140  fnaninf.o(x$fpl$fnaninf)
    _fp_init                                 0x0800652b   Thumb Code    26  fpinit.o(x$fpl$fpinit)
    __fplib_config_fpu_vfp                   0x08006543   Thumb Code     0  fpinit.o(x$fpl$fpinit)
    __fplib_config_pureend_doubles           0x08006543   Thumb Code     0  fpinit.o(x$fpl$fpinit)
    __fpl_fretinf                            0x08006545   Thumb Code    10  fretinf.o(x$fpl$fretinf)
    AHBPrescTable                            0x0800654e   Data          16  system_stm32f4xx.o(.rodata.AHBPrescTable)
    __I$use$fp                               0x0800654e   Number         0  usenofp.o(x$fpl$usenofp)
    APBPrescTable                            0x0800655e   Data           8  system_stm32f4xx.o(.rodata.APBPrescTable)
    Region$$Table$$Base                      0x08006570   Number         0  anon$$obj.o(Region$$Table)
    Region$$Table$$Limit                     0x08006590   Number         0  anon$$obj.o(Region$$Table)
    SHT$$INIT_ARRAY$$Base                    0x08006590   Number         0  imu_module_new.o(.init_array)
    SHT$$INIT_ARRAY$$Limit                   0x08006598   Number         0  init_aeabi.o(.init_array)
    SystemCoreClock                          0x20000000   Data           4  system_stm32f4xx.o(.data.SystemCoreClock)
    filter_config                            0x20000004   Data          40  can.o(.data.filter_config)
    tx_data                                  0x2000002c   Data           8  can.o(.data.tx_data)
    tx_header                                0x20000034   Data          24  can.o(.data.tx_header)
    uwTickFreq                               0x2000004c   Data           1  stm32f4xx_hal.o(.data.uwTickFreq)
    uwTickPrio                               0x20000050   Data           4  stm32f4xx_hal.o(.data.uwTickPrio)
    __libspace_start                         0x20000058   Data          96  libspace.o(.bss)
    Motor_0                                  0x200000b8   Data          36  callback.o(.bss.Motor_0)
    __temporary_stack_top$libspace           0x200000b8   Data           0  libspace.o(.bss)
    Pitch                                    0x200000dc   Data           4  main_1.o(.bss.Pitch)
    Roll                                     0x200000e0   Data           4  main_1.o(.bss.Roll)
    Yaw                                      0x200000e4   Data           4  main_1.o(.bss.Yaw)
    can_tx_mail_box_                         0x20000120   Data           4  can.o(.bss.can_tx_mail_box_)
    hcan1                                    0x20000124   Data          40  can.o(.bss.hcan1)
    hdma_usart3_rx                           0x2000014c   Data          96  usart.o(.bss.hdma_usart3_rx)
    hspi1                                    0x200001ac   Data          88  spi.o(.bss.hspi1)
    htim6                                    0x20000204   Data          72  tim.o(.bss.htim6)
    huart3                                   0x2000024c   Data          72  usart.o(.bss.huart3)
    newController                            0x20000294   Data          36  callback.o(.bss.newController)
    rx_data                                  0x200002b8   Data           8  can.o(.bss.rx_data)
    rx_header                                0x200002c0   Data          28  can.o(.bss.rx_header)
    uart_rx_buf                              0x200002dc   Data          18  usercode.o(.bss.uart_rx_buf)
    uart_rx_data                             0x200002ee   Data          18  usercode.o(.bss.uart_rx_data)
    uwTick                                   0x20000300   Data           4  stm32f4xx_hal.o(.bss.uwTick)



==============================================================================

Memory Map of the image

  Image Entry point : 0x08000189

  Load Region LR_IROM1 (Base: 0x08000000, Size: 0x000065f0, Max: 0x00100000, ABSOLUTE)

    Execution Region ER_IROM1 (Exec base: 0x08000000, Load base: 0x08000000, Size: 0x00006598, Max: 0x00100000, ABSOLUTE)

    Exec Addr    Load Addr    Size         Type   Attr      Idx    E Section Name        Object

    0x08000000   0x08000000   0x00000188   Data   RO            3    RESET               startup_stm32f407xx.o
    0x08000188   0x08000188   0x00000008   Code   RO         1398  * !!!main             c_w.l(__main.o)
    0x08000190   0x08000190   0x00000034   Code   RO         1637    !!!scatter          c_w.l(__scatter.o)
    0x080001c4   0x080001c4   0x0000001a   Code   RO         1639    !!handler_copy      c_w.l(__scatter_copy.o)
    0x080001de   0x080001de   0x00000002   PAD
    0x080001e0   0x080001e0   0x0000001c   Code   RO         1641    !!handler_zi        c_w.l(__scatter_zi.o)
    0x080001fc   0x080001fc   0x00000002   Code   RO         1557    .ARM.Collect$$libinit$$00000000  c_w.l(libinit.o)
    0x080001fe   0x080001fe   0x00000004   Code   RO         1435    .ARM.Collect$$libinit$$00000001  c_w.l(libinit2.o)
    0x08000202   0x08000202   0x00000000   Code   RO         1438    .ARM.Collect$$libinit$$00000004  c_w.l(libinit2.o)
    0x08000202   0x08000202   0x00000000   Code   RO         1440    .ARM.Collect$$libinit$$00000006  c_w.l(libinit2.o)
    0x08000202   0x08000202   0x00000000   Code   RO         1443    .ARM.Collect$$libinit$$0000000C  c_w.l(libinit2.o)
    0x08000202   0x08000202   0x00000000   Code   RO         1445    .ARM.Collect$$libinit$$0000000E  c_w.l(libinit2.o)
    0x08000202   0x08000202   0x00000000   Code   RO         1447    .ARM.Collect$$libinit$$00000010  c_w.l(libinit2.o)
    0x08000202   0x08000202   0x00000000   Code   RO         1450    .ARM.Collect$$libinit$$00000013  c_w.l(libinit2.o)
    0x08000202   0x08000202   0x00000000   Code   RO         1452    .ARM.Collect$$libinit$$00000015  c_w.l(libinit2.o)
    0x08000202   0x08000202   0x00000000   Code   RO         1454    .ARM.Collect$$libinit$$00000017  c_w.l(libinit2.o)
    0x08000202   0x08000202   0x00000000   Code   RO         1456    .ARM.Collect$$libinit$$00000019  c_w.l(libinit2.o)
    0x08000202   0x08000202   0x00000000   Code   RO         1458    .ARM.Collect$$libinit$$0000001B  c_w.l(libinit2.o)
    0x08000202   0x08000202   0x00000000   Code   RO         1460    .ARM.Collect$$libinit$$0000001D  c_w.l(libinit2.o)
    0x08000202   0x08000202   0x00000000   Code   RO         1462    .ARM.Collect$$libinit$$0000001F  c_w.l(libinit2.o)
    0x08000202   0x08000202   0x00000000   Code   RO         1464    .ARM.Collect$$libinit$$00000021  c_w.l(libinit2.o)
    0x08000202   0x08000202   0x00000000   Code   RO         1466    .ARM.Collect$$libinit$$00000023  c_w.l(libinit2.o)
    0x08000202   0x08000202   0x00000000   Code   RO         1468    .ARM.Collect$$libinit$$00000025  c_w.l(libinit2.o)
    0x08000202   0x08000202   0x00000000   Code   RO         1470    .ARM.Collect$$libinit$$00000027  c_w.l(libinit2.o)
    0x08000202   0x08000202   0x00000000   Code   RO         1474    .ARM.Collect$$libinit$$0000002E  c_w.l(libinit2.o)
    0x08000202   0x08000202   0x00000000   Code   RO         1476    .ARM.Collect$$libinit$$00000030  c_w.l(libinit2.o)
    0x08000202   0x08000202   0x00000000   Code   RO         1478    .ARM.Collect$$libinit$$00000032  c_w.l(libinit2.o)
    0x08000202   0x08000202   0x00000004   Code   RO         1479    .ARM.Collect$$libinit$$00000033  c_w.l(libinit2.o)
    0x08000206   0x08000206   0x00000000   Code   RO         1480    .ARM.Collect$$libinit$$00000034  c_w.l(libinit2.o)
    0x08000206   0x08000206   0x00000002   Code   RO         1481    .ARM.Collect$$libinit$$00000035  c_w.l(libinit2.o)
    0x08000208   0x08000208   0x00000002   Code   RO         1604    .ARM.Collect$$libshutdown$$00000000  c_w.l(libshutdown.o)
    0x0800020a   0x0800020a   0x00000000   Code   RO         1620    .ARM.Collect$$libshutdown$$00000002  c_w.l(libshutdown2.o)
    0x0800020a   0x0800020a   0x00000000   Code   RO         1622    .ARM.Collect$$libshutdown$$00000004  c_w.l(libshutdown2.o)
    0x0800020a   0x0800020a   0x00000000   Code   RO         1625    .ARM.Collect$$libshutdown$$00000007  c_w.l(libshutdown2.o)
    0x0800020a   0x0800020a   0x00000000   Code   RO         1628    .ARM.Collect$$libshutdown$$0000000A  c_w.l(libshutdown2.o)
    0x0800020a   0x0800020a   0x00000000   Code   RO         1630    .ARM.Collect$$libshutdown$$0000000C  c_w.l(libshutdown2.o)
    0x0800020a   0x0800020a   0x00000000   Code   RO         1633    .ARM.Collect$$libshutdown$$0000000F  c_w.l(libshutdown2.o)
    0x0800020a   0x0800020a   0x00000002   Code   RO         1634    .ARM.Collect$$libshutdown$$00000010  c_w.l(libshutdown2.o)
    0x0800020c   0x0800020c   0x00000000   Code   RO         1428    .ARM.Collect$$rtentry$$00000000  c_w.l(__rtentry.o)
    0x0800020c   0x0800020c   0x00000000   Code   RO         1512    .ARM.Collect$$rtentry$$00000002  c_w.l(__rtentry2.o)
    0x0800020c   0x0800020c   0x00000006   Code   RO         1524    .ARM.Collect$$rtentry$$00000004  c_w.l(__rtentry4.o)
    0x08000212   0x08000212   0x00000000   Code   RO         1514    .ARM.Collect$$rtentry$$00000009  c_w.l(__rtentry2.o)
    0x08000212   0x08000212   0x00000004   Code   RO         1515    .ARM.Collect$$rtentry$$0000000A  c_w.l(__rtentry2.o)
    0x08000216   0x08000216   0x00000000   Code   RO         1517    .ARM.Collect$$rtentry$$0000000C  c_w.l(__rtentry2.o)
    0x08000216   0x08000216   0x00000008   Code   RO         1518    .ARM.Collect$$rtentry$$0000000D  c_w.l(__rtentry2.o)
    0x0800021e   0x0800021e   0x00000002   Code   RO         1562    .ARM.Collect$$rtexit$$00000000  c_w.l(rtexit.o)
    0x08000220   0x08000220   0x00000000   Code   RO         1584    .ARM.Collect$$rtexit$$00000002  c_w.l(rtexit2.o)
    0x08000220   0x08000220   0x00000004   Code   RO         1585    .ARM.Collect$$rtexit$$00000003  c_w.l(rtexit2.o)
    0x08000224   0x08000224   0x00000006   Code   RO         1586    .ARM.Collect$$rtexit$$00000004  c_w.l(rtexit2.o)
    0x0800022a   0x0800022a   0x00000002   PAD
    0x0800022c   0x0800022c   0x00000040   Code   RO            4    .text               startup_stm32f407xx.o
    0x0800026c   0x0800026c   0x000000f0   Code   RO         1392    .text               c_w.l(lludivv7m.o)
    0x0800035c   0x0800035c   0x0000004e   Code   RO         1394    .text               c_w.l(rt_memclr_w.o)
    0x080003aa   0x080003aa   0x00000006   Code   RO         1396    .text               c_w.l(heapauxi.o)
    0x080003b0   0x080003b0   0x00000024   Code   RO         1403    .text               c_w.l(init_aeabi.o)
    0x080003d4   0x080003d4   0x00000016   Code   RO         1433    .text               c_w.l(_rserrno.o)
    0x080003ea   0x080003ea   0x00000002   PAD
    0x080003ec   0x080003ec   0x00000008   Code   RO         1531    .text               c_w.l(rt_errno_addr_intlibspace.o)
    0x080003f4   0x080003f4   0x00000008   Code   RO         1537    .text               c_w.l(libspace.o)
    0x080003fc   0x080003fc   0x0000004a   Code   RO         1540    .text               c_w.l(sys_stackheap_outer.o)
    0x08000446   0x08000446   0x00000012   Code   RO         1542    .text               c_w.l(exit.o)
    0x08000458   0x08000458   0x0000000c   Code   RO         1576    .text               c_w.l(sys_exit.o)
    0x08000464   0x08000464   0x00000002   Code   RO         1580    .text               c_w.l(use_no_semi.o)
    0x08000466   0x08000466   0x00000000   Code   RO         1582    .text               c_w.l(indicate_semi.o)
    0x08000466   0x08000466   0x00000002   PAD
    0x08000468   0x08000468   0x00000004   Code   RO          235    .text.BusFault_Handler  stm32f4xx_it.o
    0x0800046c   0x0800046c   0x00000010   Code   RO          251    .text.CAN1_RX0_IRQHandler  stm32f4xx_it.o
    0x0800047c   0x0800047c   0x00000010   Code   RO          253    .text.CAN1_RX1_IRQHandler  stm32f4xx_it.o
    0x0800048c   0x0800048c   0x00000010   Code   RO          255    .text.CAN1_SCE_IRQHandler  stm32f4xx_it.o
    0x0800049c   0x0800049c   0x00000010   Code   RO          249    .text.CAN1_TX_IRQHandler  stm32f4xx_it.o
    0x080004ac   0x080004ac   0x00000010   Code   RO          247    .text.DMA1_Stream1_IRQHandler  stm32f4xx_it.o
    0x080004bc   0x080004bc   0x00000056   Code   RO          533    .text.DMA_CalcBaseAndBitshift  stm32f4xx_hal_dma.o
    0x08000512   0x08000512   0x00000002   PAD
    0x08000514   0x08000514   0x000000f0   Code   RO          531    .text.DMA_CheckFifoParam  stm32f4xx_hal_dma.o
    0x08000604   0x08000604   0x00000050   Code   RO          539    .text.DMA_SetConfig  stm32f4xx_hal_dma.o
    0x08000654   0x08000654   0x00000002   Code   RO          241    .text.DebugMon_Handler  stm32f4xx_it.o
    0x08000656   0x08000656   0x00000002   PAD
    0x08000658   0x08000658   0x00000006   Code   RO          137    .text.Error_Handler  main_1.o
    0x0800065e   0x0800065e   0x00000002   PAD
    0x08000660   0x08000660   0x00000052   Code   RO          310    .text.HAL_CAN_ActivateNotification  stm32f4xx_hal_can.o
    0x080006b2   0x080006b2   0x00000002   PAD
    0x080006b4   0x080006b4   0x00000156   Code   RO          296    .text.HAL_CAN_AddTxMessage  stm32f4xx_hal_can.o
    0x0800080a   0x0800080a   0x00000002   PAD
    0x0800080c   0x0800080c   0x0000019e   Code   RO          286    .text.HAL_CAN_ConfigFilter  stm32f4xx_hal_can.o
    0x080009aa   0x080009aa   0x00000002   PAD
    0x080009ac   0x080009ac   0x00000008   Code   RO          340    .text.HAL_CAN_ErrorCallback  stm32f4xx_hal_can.o
    0x080009b4   0x080009b4   0x00000212   Code   RO          306    .text.HAL_CAN_GetRxMessage  stm32f4xx_hal_can.o
    0x08000bc6   0x08000bc6   0x00000002   PAD
    0x08000bc8   0x08000bc8   0x000003f2   Code   RO          314    .text.HAL_CAN_IRQHandler  stm32f4xx_hal_can.o
    0x08000fba   0x08000fba   0x00000002   PAD
    0x08000fbc   0x08000fbc   0x000001de   Code   RO          276    .text.HAL_CAN_Init  stm32f4xx_hal_can.o
    0x0800119a   0x0800119a   0x00000002   PAD
    0x0800119c   0x0800119c   0x000000d8   Code   RO          160    .text.HAL_CAN_MspInit  can.o
    0x08001274   0x08001274   0x00000008   Code   RO          328    .text.HAL_CAN_RxFifo0FullCallback  stm32f4xx_hal_can.o
    0x0800127c   0x0800127c   0x00000062   Code   RO          114    .text.HAL_CAN_RxFifo0MsgPendingCallback  callback.o
    0x080012de   0x080012de   0x00000002   PAD
    0x080012e0   0x080012e0   0x00000008   Code   RO          332    .text.HAL_CAN_RxFifo1FullCallback  stm32f4xx_hal_can.o
    0x080012e8   0x080012e8   0x00000008   Code   RO          334    .text.HAL_CAN_RxFifo1MsgPendingCallback  stm32f4xx_hal_can.o
    0x080012f0   0x080012f0   0x00000008   Code   RO          336    .text.HAL_CAN_SleepCallback  stm32f4xx_hal_can.o
    0x080012f8   0x080012f8   0x0000008a   Code   RO          288    .text.HAL_CAN_Start  stm32f4xx_hal_can.o
    0x08001382   0x08001382   0x00000002   PAD
    0x08001384   0x08001384   0x00000008   Code   RO          318    .text.HAL_CAN_TxMailbox0AbortCallback  stm32f4xx_hal_can.o
    0x0800138c   0x0800138c   0x00000008   Code   RO          316    .text.HAL_CAN_TxMailbox0CompleteCallback  stm32f4xx_hal_can.o
    0x08001394   0x08001394   0x00000008   Code   RO          322    .text.HAL_CAN_TxMailbox1AbortCallback  stm32f4xx_hal_can.o
    0x0800139c   0x0800139c   0x00000008   Code   RO          320    .text.HAL_CAN_TxMailbox1CompleteCallback  stm32f4xx_hal_can.o
    0x080013a4   0x080013a4   0x00000008   Code   RO          326    .text.HAL_CAN_TxMailbox2AbortCallback  stm32f4xx_hal_can.o
    0x080013ac   0x080013ac   0x00000008   Code   RO          324    .text.HAL_CAN_TxMailbox2CompleteCallback  stm32f4xx_hal_can.o
    0x080013b4   0x080013b4   0x00000008   Code   RO          338    .text.HAL_CAN_WakeUpFromRxMsgCallback  stm32f4xx_hal_can.o
    0x080013bc   0x080013bc   0x000000ec   Code   RO          543    .text.HAL_DMA_Abort  stm32f4xx_hal_dma.o
    0x080014a8   0x080014a8   0x00000044   Code   RO          545    .text.HAL_DMA_Abort_IT  stm32f4xx_hal_dma.o
    0x080014ec   0x080014ec   0x0000031e   Code   RO          549    .text.HAL_DMA_IRQHandler  stm32f4xx_hal_dma.o
    0x0800180a   0x0800180a   0x00000002   PAD
    0x0800180c   0x0800180c   0x0000016e   Code   RO          529    .text.HAL_DMA_Init  stm32f4xx_hal_dma.o
    0x0800197a   0x0800197a   0x00000002   PAD
    0x0800197c   0x0800197c   0x000000c2   Code   RO          541    .text.HAL_DMA_Start_IT  stm32f4xx_hal_dma.o
    0x08001a3e   0x08001a3e   0x00000002   PAD
    0x08001a40   0x08001a40   0x00000042   Code   RO          724    .text.HAL_Delay     stm32f4xx_hal.o
    0x08001a82   0x08001a82   0x00000002   PAD
    0x08001a84   0x08001a84   0x000003b6   Code   RO          491    .text.HAL_GPIO_Init  stm32f4xx_hal_gpio.o
    0x08001e3a   0x08001e3a   0x00000002   PAD
    0x08001e3c   0x08001e3c   0x0000002e   Code   RO          497    .text.HAL_GPIO_WritePin  stm32f4xx_hal_gpio.o
    0x08001e6a   0x08001e6a   0x00000002   PAD
    0x08001e6c   0x08001e6c   0x0000000c   Code   RO          716    .text.HAL_GetTick   stm32f4xx_hal.o
    0x08001e78   0x08001e78   0x0000001a   Code   RO          714    .text.HAL_IncTick   stm32f4xx_hal.o
    0x08001e92   0x08001e92   0x00000002   PAD
    0x08001e94   0x08001e94   0x00000036   Code   RO          704    .text.HAL_Init      stm32f4xx_hal.o
    0x08001eca   0x08001eca   0x00000002   PAD
    0x08001ecc   0x08001ecc   0x00000070   Code   RO          706    .text.HAL_InitTick  stm32f4xx_hal.o
    0x08001f3c   0x08001f3c   0x0000004a   Code   RO          268    .text.HAL_MspInit   stm32f4xx_hal_msp.o
    0x08001f86   0x08001f86   0x00000002   PAD
    0x08001f88   0x08001f88   0x00000014   Code   RO          639    .text.HAL_NVIC_EnableIRQ  stm32f4xx_hal_cortex.o
    0x08001f9c   0x08001f9c   0x00000032   Code   RO          631    .text.HAL_NVIC_SetPriority  stm32f4xx_hal_cortex.o
    0x08001fce   0x08001fce   0x00000002   PAD
    0x08001fd0   0x08001fd0   0x00000010   Code   RO          627    .text.HAL_NVIC_SetPriorityGrouping  stm32f4xx_hal_cortex.o
    0x08001fe0   0x08001fe0   0x00000262   Code   RO          359    .text.HAL_RCC_ClockConfig  stm32f4xx_hal_rcc.o
    0x08002242   0x08002242   0x00000002   PAD
    0x08002244   0x08002244   0x0000000c   Code   RO          369    .text.HAL_RCC_GetHCLKFreq  stm32f4xx_hal_rcc.o
    0x08002250   0x08002250   0x00000022   Code   RO          371    .text.HAL_RCC_GetPCLK1Freq  stm32f4xx_hal_rcc.o
    0x08002272   0x08002272   0x00000002   PAD
    0x08002274   0x08002274   0x00000022   Code   RO          373    .text.HAL_RCC_GetPCLK2Freq  stm32f4xx_hal_rcc.o
    0x08002296   0x08002296   0x00000002   PAD
    0x08002298   0x08002298   0x000000e6   Code   RO          361    .text.HAL_RCC_GetSysClockFreq  stm32f4xx_hal_rcc.o
    0x0800237e   0x0800237e   0x00000002   PAD
    0x08002380   0x08002380   0x000006be   Code   RO          357    .text.HAL_RCC_OscConfig  stm32f4xx_hal_rcc.o
    0x08002a3e   0x08002a3e   0x00000002   PAD
    0x08002a40   0x08002a40   0x0000000e   Code   RO          891    .text.HAL_SPI_GetState  stm32f4xx_hal_spi.o
    0x08002a4e   0x08002a4e   0x00000002   PAD
    0x08002a50   0x08002a50   0x00000100   Code   RO          793    .text.HAL_SPI_Init  stm32f4xx_hal_spi.o
    0x08002b50   0x08002b50   0x000000e4   Code   RO          188    .text.HAL_SPI_MspInit  spi.o
    0x08002c34   0x08002c34   0x0000024e   Code   RO          805    .text.HAL_SPI_Receive  stm32f4xx_hal_spi.o
    0x08002e82   0x08002e82   0x00000002   PAD
    0x08002e84   0x08002e84   0x000002a2   Code   RO          801    .text.HAL_SPI_Transmit  stm32f4xx_hal_spi.o
    0x08003126   0x08003126   0x00000002   PAD
    0x08003128   0x08003128   0x000003a2   Code   RO          807    .text.HAL_SPI_TransmitReceive  stm32f4xx_hal_spi.o
    0x080034ca   0x080034ca   0x00000002   PAD
    0x080034cc   0x080034cc   0x00000010   Code   RO          651    .text.HAL_SYSTICK_Config  stm32f4xx_hal_cortex.o
    0x080034dc   0x080034dc   0x00000008   Code   RO         1233    .text.HAL_TIMEx_BreakCallback  stm32f4xx_hal_tim_ex.o
    0x080034e4   0x080034e4   0x00000008   Code   RO         1229    .text.HAL_TIMEx_CommutCallback  stm32f4xx_hal_tim_ex.o
    0x080034ec   0x080034ec   0x00000122   Code   RO         1223    .text.HAL_TIMEx_MasterConfigSynchronization  stm32f4xx_hal_tim_ex.o
    0x0800360e   0x0800360e   0x00000002   PAD
    0x08003610   0x08003610   0x0000009c   Code   RO          910    .text.HAL_TIM_Base_Init  stm32f4xx_hal_tim.o
    0x080036ac   0x080036ac   0x00000052   Code   RO          202    .text.HAL_TIM_Base_MspInit  tim.o
    0x080036fe   0x080036fe   0x00000002   PAD
    0x08003700   0x08003700   0x000000f6   Code   RO          924    .text.HAL_TIM_Base_Start_IT  stm32f4xx_hal_tim.o
    0x080037f6   0x080037f6   0x00000002   PAD
    0x080037f8   0x080037f8   0x00000008   Code   RO         1046    .text.HAL_TIM_IC_CaptureCallback  stm32f4xx_hal_tim.o
    0x08003800   0x08003800   0x0000021a   Code   RO         1044    .text.HAL_TIM_IRQHandler  stm32f4xx_hal_tim.o
    0x08003a1a   0x08003a1a   0x00000002   PAD
    0x08003a1c   0x08003a1c   0x00000008   Code   RO         1048    .text.HAL_TIM_OC_DelayElapsedCallback  stm32f4xx_hal_tim.o
    0x08003a24   0x08003a24   0x00000008   Code   RO         1050    .text.HAL_TIM_PWM_PulseFinishedCallback  stm32f4xx_hal_tim.o
    0x08003a2c   0x08003a2c   0x00000048   Code   RO          112    .text.HAL_TIM_PeriodElapsedCallback  callback.o
    0x08003a74   0x08003a74   0x00000008   Code   RO         1054    .text.HAL_TIM_TriggerCallback  stm32f4xx_hal_tim.o
    0x08003a7c   0x08003a7c   0x000000b8   Code   RO         1300    .text.HAL_UARTEx_ReceiveToIdle_DMA  stm32f4xx_hal_uart.o
    0x08003b34   0x08003b34   0x00000094   Code   RO          116    .text.HAL_UARTEx_RxEventCallback  callback.o
    0x08003bc8   0x08003bc8   0x00000008   Code   RO         1336    .text.HAL_UART_ErrorCallback  stm32f4xx_hal_uart.o
    0x08003bd0   0x08003bd0   0x0000045c   Code   RO         1330    .text.HAL_UART_IRQHandler  stm32f4xx_hal_uart.o
    0x0800402c   0x0800402c   0x0000009e   Code   RO         1246    .text.HAL_UART_Init  stm32f4xx_hal_uart.o
    0x080040ca   0x080040ca   0x00000002   PAD
    0x080040cc   0x080040cc   0x000000f6   Code   RO          216    .text.HAL_UART_MspInit  usart.o
    0x080041c2   0x080041c2   0x00000002   PAD
    0x080041c4   0x080041c4   0x00000008   Code   RO         1348    .text.HAL_UART_RxCpltCallback  stm32f4xx_hal_uart.o
    0x080041cc   0x080041cc   0x00000008   Code   RO         1350    .text.HAL_UART_RxHalfCpltCallback  stm32f4xx_hal_uart.o
    0x080041d4   0x080041d4   0x00000008   Code   RO         1344    .text.HAL_UART_TxCpltCallback  stm32f4xx_hal_uart.o
    0x080041dc   0x080041dc   0x00000004   Code   RO          231    .text.HardFault_Handler  stm32f4xx_it.o
    0x080041e0   0x080041e0   0x0000004e   Code   RO          158    .text.MX_CAN1_Init  can.o
    0x0800422e   0x0800422e   0x00000002   PAD
    0x08004230   0x08004230   0x0000003c   Code   RO          178    .text.MX_DMA_Init   dma.o
    0x0800426c   0x0800426c   0x00000112   Code   RO          150    .text.MX_GPIO_Init  gpio.o
    0x0800437e   0x0800437e   0x00000002   PAD
    0x08004380   0x08004380   0x00000052   Code   RO          186    .text.MX_SPI1_Init  spi.o
    0x080043d2   0x080043d2   0x00000002   PAD
    0x080043d4   0x080043d4   0x0000005a   Code   RO          200    .text.MX_TIM6_Init  tim.o
    0x0800442e   0x0800442e   0x00000002   PAD
    0x08004430   0x08004430   0x0000004c   Code   RO          214    .text.MX_USART3_UART_Init  usart.o
    0x0800447c   0x0800447c   0x00000004   Code   RO          233    .text.MemManage_Handler  stm32f4xx_it.o
    0x08004480   0x08004480   0x00000004   Code   RO          229    .text.NMI_Handler   stm32f4xx_it.o
    0x08004484   0x08004484   0x0000006c   Code   RO          637    .text.NVIC_EncodePriority  stm32f4xx_hal_cortex.o
    0x080044f0   0x080044f0   0x00000002   Code   RO          243    .text.PendSV_Handler  stm32f4xx_it.o
    0x080044f2   0x080044f2   0x00000002   PAD
    0x080044f4   0x080044f4   0x000000e4   Code   RO          809    .text.SPI_EndRxTransaction  stm32f4xx_hal_spi.o
    0x080045d8   0x080045d8   0x000000cc   Code   RO          803    .text.SPI_EndRxTxTransaction  stm32f4xx_hal_spi.o
    0x080046a4   0x080046a4   0x0000012c   Code   RO          901    .text.SPI_WaitFlagStateUntilTimeout  stm32f4xx_hal_spi.o
    0x080047d0   0x080047d0   0x00000002   Code   RO          239    .text.SVC_Handler   stm32f4xx_it.o
    0x080047d2   0x080047d2   0x00000002   PAD
    0x080047d4   0x080047d4   0x00000052   Code   RO          653    .text.SysTick_Config  stm32f4xx_hal_cortex.o
    0x08004826   0x08004826   0x00000002   PAD
    0x08004828   0x08004828   0x00000008   Code   RO          245    .text.SysTick_Handler  stm32f4xx_it.o
    0x08004830   0x08004830   0x000000bc   Code   RO          135    .text.SystemClock_Config  main_1.o
    0x080048ec   0x080048ec   0x00000012   Code   RO         1377    .text.SystemInit    system_stm32f4xx.o
    0x080048fe   0x080048fe   0x00000002   PAD
    0x08004900   0x08004900   0x00000010   Code   RO          259    .text.TIM6_DAC_IRQHandler  stm32f4xx_it.o
    0x08004910   0x08004910   0x000001a4   Code   RO          914    .text.TIM_Base_SetConfig  stm32f4xx_hal_tim.o
    0x08004ab4   0x08004ab4   0x0000001c   Code   RO         1334    .text.UART_DMAAbortOnError  stm32f4xx_hal_uart.o
    0x08004ad0   0x08004ad0   0x0000007c   Code   RO         1280    .text.UART_DMAError  stm32f4xx_hal_uart.o
    0x08004b4c   0x08004b4c   0x000000f4   Code   RO         1366    .text.UART_DMAReceiveCplt  stm32f4xx_hal_uart.o
    0x08004c40   0x08004c40   0x00000034   Code   RO         1368    .text.UART_DMARxHalfCplt  stm32f4xx_hal_uart.o
    0x08004c74   0x08004c74   0x00000094   Code   RO         1294    .text.UART_EndRxTransfer  stm32f4xx_hal_uart.o
    0x08004d08   0x08004d08   0x00000026   Code   RO         1342    .text.UART_EndTransmit_IT  stm32f4xx_hal_uart.o
    0x08004d2e   0x08004d2e   0x00000002   PAD
    0x08004d30   0x08004d30   0x00000036   Code   RO         1292    .text.UART_EndTxTransfer  stm32f4xx_hal_uart.o
    0x08004d66   0x08004d66   0x00000002   PAD
    0x08004d68   0x08004d68   0x00000168   Code   RO         1332    .text.UART_Receive_IT  stm32f4xx_hal_uart.o
    0x08004ed0   0x08004ed0   0x0000013a   Code   RO         1250    .text.UART_SetConfig  stm32f4xx_hal_uart.o
    0x0800500a   0x0800500a   0x00000002   PAD
    0x0800500c   0x0800500c   0x00000130   Code   RO         1284    .text.UART_Start_Receive_DMA  stm32f4xx_hal_uart.o
    0x0800513c   0x0800513c   0x00000094   Code   RO         1340    .text.UART_Transmit_IT  stm32f4xx_hal_uart.o
    0x080051d0   0x080051d0   0x00000010   Code   RO          257    .text.USART3_IRQHandler  stm32f4xx_it.o
    0x080051e0   0x080051e0   0x00000004   Code   RO          237    .text.UsageFault_Handler  stm32f4xx_it.o
    0x080051e4   0x080051e4   0x00000008   Code   RO          118    .text._GLOBAL__sub_I_callback.cpp  callback.o
    0x080051ec   0x080051ec   0x00000008   Code   RO           33    .text._GLOBAL__sub_I_imu_module_new.cpp  imu_module_new.o
    0x080051f4   0x080051f4   0x0000004e   Code   RO           57    .text._Z13linearMappingiiiff  m3508_motor.o
    0x08005242   0x08005242   0x00000002   PAD
    0x08005244   0x08005244   0x00000014   Code   RO           91    .text._Z16BMI088_GYRO_NS_Hv  bmi088.o
    0x08005258   0x08005258   0x00000014   Code   RO           89    .text._Z16BMI088_GYRO_NS_Lv  bmi088.o
    0x0800526c   0x0800526c   0x00000034   Code   RO           81    .text._Z16bmi088_read_bytePh  bmi088.o
    0x080052a0   0x080052a0   0x00000038   Code   RO           83    .text._Z16bmi088_write_reghh  bmi088.o
    0x080052d8   0x080052d8   0x00000012   Code   RO           87    .text._Z17BMI088_ACCEL_NS_Hv  bmi088.o
    0x080052ea   0x080052ea   0x00000002   PAD
    0x080052ec   0x080052ec   0x00000012   Code   RO           85    .text._Z17BMI088_ACCEL_NS_Lv  bmi088.o
    0x080052fe   0x080052fe   0x00000002   PAD
    0x08005300   0x08005300   0x00000038   Code   RO           79    .text._Z17bmi088_write_byteh  bmi088.o
    0x08005338   0x08005338   0x000000c4   Code   RO           17    .text._ZN10IMU_Module10read_accelEv  imu_module_new.o
    0x080053fc   0x080053fc   0x00000114   Code   RO           21    .text._ZN10IMU_Module20complementary_filterEv  imu_module_new.o
    0x08005510   0x08005510   0x0000000e   Code   RO           15    .text._ZN10IMU_Module4initEv  imu_module_new.o
    0x0800551e   0x0800551e   0x00000002   PAD
    0x08005520   0x08005520   0x0000001e   Code   RO           23    .text._ZN10IMU_Module6updateEv  imu_module_new.o
    0x0800553e   0x0800553e   0x00000002   PAD
    0x08005540   0x08005540   0x000000c4   Code   RO           19    .text._ZN10IMU_Module9read_gyroEv  imu_module_new.o
    0x08005604   0x08005604   0x00000032   Code   RO           13    .text._ZN10IMU_ModuleC2Ev  imu_module_new.o
    0x08005636   0x08005636   0x00000002   PAD
    0x08005638   0x08005638   0x00000164   Code   RO           59    .text._ZN11m3508_motor16canRxMsgCallbackEPKh  m3508_motor.o
    0x0800579c   0x0800579c   0x00000024   Code   RO          130    .text._ZN11m3508_motorC2Ef  callback.o
    0x080057c0   0x080057c0   0x00000172   Code   RO           70    .text._ZN4dt_716process_rc_frameEPhh  dt_7_remote_control.o
    0x08005932   0x08005932   0x00000002   PAD
    0x08005934   0x08005934   0x00000022   Code   RO           25    .text._ZNK10IMU_Module8getEulerERfS0_S0_  imu_module_new.o
    0x08005956   0x08005956   0x00000002   PAD
    0x08005958   0x08005958   0x00000030   Code   RO          641    .text.__NVIC_EnableIRQ  stm32f4xx_hal_cortex.o
    0x08005988   0x08005988   0x00000010   Code   RO          633    .text.__NVIC_GetPriorityGrouping  stm32f4xx_hal_cortex.o
    0x08005998   0x08005998   0x00000042   Code   RO          635    .text.__NVIC_SetPriority  stm32f4xx_hal_cortex.o
    0x080059da   0x080059da   0x00000002   PAD
    0x080059dc   0x080059dc   0x0000003c   Code   RO          629    .text.__NVIC_SetPriorityGrouping  stm32f4xx_hal_cortex.o
    0x08005a18   0x08005a18   0x00000010   Code   RO           11    .text.__cxx_global_var_init  imu_module_new.o
    0x08005a28   0x08005a28   0x00000014   Code   RO          110    .text.__cxx_global_var_init  callback.o
    0x08005a3c   0x08005a3c   0x0000003a   Code   RO           95    .text.bmi088_accel_read_reg  bmi088.o
    0x08005a76   0x08005a76   0x00000002   PAD
    0x08005a78   0x08005a78   0x00000034   Code   RO           99    .text.bmi088_gyro_read_reg  bmi088.o
    0x08005aac   0x08005aac   0x00000054   Code   RO          101    .text.bmi088_init   bmi088.o
    0x08005b00   0x08005b00   0x00000034   Code   RO           31    .text.imu_module_get_euler  imu_module_new.o
    0x08005b34   0x08005b34   0x00000010   Code   RO           27    .text.imu_module_init  imu_module_new.o
    0x08005b44   0x08005b44   0x00000010   Code   RO           29    .text.imu_module_update  imu_module_new.o
    0x08005b54   0x08005b54   0x00000046   Code   RO          133    .text.main          main_1.o
    0x08005b9a   0x08005b9a   0x00000002   PAD
    0x08005b9c   0x08005b9c   0x00000052   Code   RO           44    .text.userinit      usercode.o
    0x08005bee   0x08005bee   0x00000002   PAD
    0x08005bf0   0x08005bf0   0x00000020   Code   RO           46    .text.userloop      usercode.o
    0x08005c10   0x08005c10   0x00000026   Code   RO         1495    i.__ARM_fpclassifyf  m_wm.l(fpclassifyf.o)
    0x08005c36   0x08005c36   0x00000002   PAD
    0x08005c38   0x08005c38   0x000002ac   Code   RO         1416    i.__hardfp_atan2f   m_wm.l(atan2f.o)
    0x08005ee4   0x08005ee4   0x0000003a   Code   RO         1422    i.__hardfp_sqrtf    m_wm.l(sqrtf.o)
    0x08005f1e   0x08005f1e   0x00000006   Code   RO         1499    i.__mathlib_flt_infnan2  m_wm.l(funder.o)
    0x08005f24   0x08005f24   0x00000010   Code   RO         1503    i.__mathlib_flt_underflow  m_wm.l(funder.o)
    0x08005f34   0x08005f34   0x00000062   Code   RO         1406    x$fpl$d2f           fz_wm.l(d2f.o)
    0x08005f96   0x08005f96   0x00000002   PAD
    0x08005f98   0x08005f98   0x000002b4   Code   RO         1409    x$fpl$ddiv          fz_wm.l(ddiv.o)
    0x0800624c   0x0800624c   0x00000154   Code   RO         1412    x$fpl$dmul          fz_wm.l(dmul.o)
    0x080063a0   0x080063a0   0x0000009c   Code   RO         1486    x$fpl$dnaninf       fz_wm.l(dnaninf.o)
    0x0800643c   0x0800643c   0x0000000c   Code   RO         1488    x$fpl$dretinf       fz_wm.l(dretinf.o)
    0x08006448   0x08006448   0x00000056   Code   RO         1414    x$fpl$f2d           fz_wm.l(f2d.o)
    0x0800649e   0x0800649e   0x0000008c   Code   RO         1490    x$fpl$fnaninf       fz_wm.l(fnaninf.o)
    0x0800652a   0x0800652a   0x0000001a   Code   RO         1535    x$fpl$fpinit        fz_wm.l(fpinit.o)
    0x08006544   0x08006544   0x0000000a   Code   RO         1492    x$fpl$fretinf       fz_wm.l(fretinf.o)
    0x0800654e   0x0800654e   0x00000000   Code   RO         1494    x$fpl$usenofp       fz_wm.l(usenofp.o)
    0x0800654e   0x0800654e   0x00000010   Data   RO         1382    .rodata.AHBPrescTable  system_stm32f4xx.o
    0x0800655e   0x0800655e   0x00000008   Data   RO         1383    .rodata.APBPrescTable  system_stm32f4xx.o
    0x08006566   0x08006566   0x00000008   Data   RO          559    .rodata.DMA_CalcBaseAndBitshift.flagBitshiftOffset  stm32f4xx_hal_dma.o
    0x0800656e   0x0800656e   0x00000002   PAD
    0x08006570   0x08006570   0x00000020   Data   RO         1636    Region$$Table       anon$$obj.o
    0x08006590   0x08006590   0x00000004   Data   RO           36    .init_array         imu_module_new.o
    0x08006594   0x08006590   0x00000004   Data   RO          123    .init_array         callback.o
    0x08006598   0x08006590   0x00000000   Data   RO         1401    .init_array         c_w.l(init_aeabi.o)


    Execution Region RW_IRAM1 (Exec base: 0x20000000, Load base: 0x08006598, Size: 0x00000908, Max: 0x0001c000, ABSOLUTE)

    Exec Addr    Load Addr    Size         Type   Attr      Idx    E Section Name        Object

    0x20000000   0x08006598   0x00000004   Data   RW         1381    .data.SystemCoreClock  system_stm32f4xx.o
    0x20000004   0x0800659c   0x00000028   Data   RW          166    .data.filter_config  can.o
    0x2000002c   0x080065c4   0x00000008   Data   RW          164    .data.tx_data       can.o
    0x20000034   0x080065cc   0x00000018   Data   RW          165    .data.tx_header     can.o
    0x2000004c   0x080065e4   0x00000001   Data   RW          759    .data.uwTickFreq    stm32f4xx_hal.o
    0x2000004d   0x080065e5   0x00000003   PAD
    0x20000050   0x080065e8   0x00000004   Data   RW          758    .data.uwTickPrio    stm32f4xx_hal.o
    0x20000054   0x080065ec   0x00000004   PAD
    0x20000058        -       0x00000060   Zero   RW         1538    .bss                c_w.l(libspace.o)
    0x200000b8        -       0x00000024   Zero   RW          120    .bss.Motor_0        callback.o
    0x200000dc        -       0x00000004   Zero   RW          140    .bss.Pitch          main_1.o
    0x200000e0        -       0x00000004   Zero   RW          139    .bss.Roll           main_1.o
    0x200000e4        -       0x00000004   Zero   RW          141    .bss.Yaw            main_1.o
    0x200000e8        -       0x00000038   Zero   RW           35    .bss._ZL3imu        imu_module_new.o
    0x20000120        -       0x00000004   Zero   RW          169    .bss.can_tx_mail_box_  can.o
    0x20000124        -       0x00000028   Zero   RW          167    .bss.hcan1          can.o
    0x2000014c        -       0x00000060   Zero   RW          221    .bss.hdma_usart3_rx  usart.o
    0x200001ac        -       0x00000058   Zero   RW          192    .bss.hspi1          spi.o
    0x20000204        -       0x00000048   Zero   RW          206    .bss.htim6          tim.o
    0x2000024c        -       0x00000048   Zero   RW          220    .bss.huart3         usart.o
    0x20000294        -       0x00000024   Zero   RW          121    .bss.newController  callback.o
    0x200002b8        -       0x00000008   Zero   RW          168    .bss.rx_data        can.o
    0x200002c0        -       0x0000001c   Zero   RW          170    .bss.rx_header      can.o
    0x200002dc        -       0x00000012   Zero   RW           48    .bss.uart_rx_buf    usercode.o
    0x200002ee        -       0x00000012   Zero   RW           49    .bss.uart_rx_data   usercode.o
    0x20000300        -       0x00000004   Zero   RW          760    .bss.uwTick         stm32f4xx_hal.o
    0x20000304   0x080065ec   0x00000004   PAD
    0x20000308        -       0x00000200   Zero   RW            2    HEAP                startup_stm32f407xx.o
    0x20000508        -       0x00000400   Zero   RW            1    STACK               startup_stm32f407xx.o


    Execution Region RW_IRAM2 (Exec base: 0x2001c000, Load base: 0x080065f0, Size: 0x00000000, Max: 0x00004000, ABSOLUTE)

    **** No section assigned to this execution region ****


==============================================================================

Image component sizes


      Code (inc. data)   RO Data    RW Data    ZI Data      Debug   Object Name

       434          0          0          0          0       3868   bmi088.o
       382          0          4          0         72      20529   callback.o
       294          0          0         72         80       6718   can.o
        60          0          0          0          0       3268   dma.o
       370          0          0          0          0       3161   dt_7_remote_control.o
       274          0          0          0          0       2161   gpio.o
       904         12          4          0         56      14521   imu_module_new.o
       434         44          0          0          0       2558   m3508_motor.o
       264          0          0          0         12       2863   main_1.o
       310          0          0          0         88       4911   spi.o
        64         26        392          0       1536        832   startup_stm32f407xx.o
       270          0          0          5          4       7090   stm32f4xx_hal.o
      3090          0          0          0          0      11471   stm32f4xx_hal_can.o
       482          0          0          0          0       9664   stm32f4xx_hal_cortex.o
      2068          8          8          0          0       8447   stm32f4xx_hal_dma.o
       996          0          0          0          0       5066   stm32f4xx_hal_gpio.o
        74          0          0          0          0       1456   stm32f4xx_hal_msp.o
      2646          0          0          0          0       7569   stm32f4xx_hal_rcc.o
      3196          0          0          0          0      19343   stm32f4xx_hal_spi.o
      1392          0          0          0          0      35812   stm32f4xx_hal_tim.o
       306          0          0          0          0      15238   stm32f4xx_hal_tim_ex.o
      3304          0          0          0          0      20293   stm32f4xx_hal_uart.o
       146          0          0          0          0       1674   stm32f4xx_it.o
        18          0         24          4          0       2486   system_stm32f4xx.o
       172          0          0          0         72       6753   tim.o
       322          0          0          0        168       6800   usart.o
       114          0          0          0         36      11920   usercode.o

    ----------------------------------------------------------------------
     22504         90        466         84       2132     236472   Object Totals
         0          0         32          0          0          0   (incl. Generated)
       118          0          2          3          8          0   (incl. Padding)

    ----------------------------------------------------------------------

      Code (inc. data)   RO Data    RW Data    ZI Data      Debug   Library Member Name

         8          0          0          0          0         68   __main.o
         0          0          0          0          0          0   __rtentry.o
        12          0          0          0          0          0   __rtentry2.o
         6          0          0          0          0          0   __rtentry4.o
        52          8          0          0          0          0   __scatter.o
        26          0          0          0          0          0   __scatter_copy.o
        28          0          0          0          0          0   __scatter_zi.o
        22          0          0          0          0        100   _rserrno.o
        18          0          0          0          0         80   exit.o
         6          0          0          0          0        152   heapauxi.o
         0          0          0          0          0          0   indicate_semi.o
        36          8          0          0          0         80   init_aeabi.o
         2          0          0          0          0          0   libinit.o
        10          0          0          0          0          0   libinit2.o
         2          0          0          0          0          0   libshutdown.o
         2          0          0          0          0          0   libshutdown2.o
         8          4          0          0         96         68   libspace.o
       240          0          0          0          0        100   lludivv7m.o
         8          4          0          0          0         68   rt_errno_addr_intlibspace.o
        78          0          0          0          0         80   rt_memclr_w.o
         2          0          0          0          0          0   rtexit.o
        10          0          0          0          0          0   rtexit2.o
        12          4          0          0          0         68   sys_exit.o
        74          0          0          0          0         80   sys_stackheap_outer.o
         2          0          0          0          0         68   use_no_semi.o
        98          4          0          0          0        140   d2f.o
       692        140          0          0          0        264   ddiv.o
       340         12          0          0          0        152   dmul.o
       156          4          0          0          0        140   dnaninf.o
        12          0          0          0          0        116   dretinf.o
        86          4          0          0          0        132   f2d.o
       140          4          0          0          0        132   fnaninf.o
        26          0          0          0          0        116   fpinit.o
        10          0          0          0          0        116   fretinf.o
         0          0          0          0          0          0   usenofp.o
       684         90          0          0          0        208   atan2f.o
        38          0          0          0          0        116   fpclassifyf.o
        22          6          0          0          0        232   funder.o
        58          0          0          0          0        136   sqrtf.o

    ----------------------------------------------------------------------
      3038        292          0          0         96       3012   Library Totals
        12          0          0          0          0          0   (incl. Padding)

    ----------------------------------------------------------------------

      Code (inc. data)   RO Data    RW Data    ZI Data      Debug   Library Name

       664         28          0          0         96       1012   c_w.l
      1560        168          0          0          0       1308   fz_wm.l
       802         96          0          0          0        692   m_wm.l

    ----------------------------------------------------------------------
      3038        292          0          0         96       3012   Library Totals

    ----------------------------------------------------------------------

==============================================================================


      Code (inc. data)   RO Data    RW Data    ZI Data      Debug   

     25542        382        466         84       2228     237368   Grand Totals
     25542        382        466         84       2228     237368   ELF Image Totals
     25542        382        466         84          0          0   ROM Totals

==============================================================================

    Total RO  Size (Code + RO Data)                26008 (  25.40kB)
    Total RW  Size (RW Data + ZI Data)              2312 (   2.26kB)
    Total ROM Size (Code + RO Data + RW Data)      26092 (  25.48kB)

==============================================================================

